Archive member included because of file (symbol)

D:/Freescale/KSDK_1.2.0/lib/ksdk_platform_lib/kds/KL25Z4/debug/libksdk_platform.a(fsl_uart_hal.o)
                              ./Sources/Sistema/fsl_debug_console.o (UART_HAL_SetBaudRate)
D:/Freescale/KSDK_1.2.0/lib/ksdk_platform_lib/kds/KL25Z4/debug/libksdk_platform.a(fsl_lptmr_driver.o)
                              ./Sources/Componentes/Timers/tc_hal.o (LPTMR_DRV_Init)
D:/Freescale/KSDK_1.2.0/lib/ksdk_platform_lib/kds/KL25Z4/debug/libksdk_platform.a(fsl_lpsci_hal.o)
                              ./Sources/Sistema/fsl_debug_console.o (LPSCI_HAL_SetBaudRate)
D:/Freescale/KSDK_1.2.0/lib/ksdk_platform_lib/kds/KL25Z4/debug/libksdk_platform.a(fsl_gpio_hal.o)
                              ./Sources/Componentes/Timers/tc_hal.o (GPIO_HAL_SetPinDir)
D:/Freescale/KSDK_1.2.0/lib/ksdk_platform_lib/kds/KL25Z4/debug/libksdk_platform.a(fsl_clock_MKL25Z4.o)
                              ./Sources/Sistema/mcg_hal.o (CLOCK_SYS_SetConfiguration)
D:/Freescale/KSDK_1.2.0/lib/ksdk_platform_lib/kds/KL25Z4/debug/libksdk_platform.a(fsl_clock_manager.o)
                              D:/Freescale/KSDK_1.2.0/lib/ksdk_platform_lib/kds/KL25Z4/debug/libksdk_platform.a(fsl_clock_MKL25Z4.o) (CLOCK_SYS_GetSystickFreq)
D:/Freescale/KSDK_1.2.0/lib/ksdk_platform_lib/kds/KL25Z4/debug/libksdk_platform.a(fsl_clock_manager_common.o)
                              D:/Freescale/KSDK_1.2.0/lib/ksdk_platform_lib/kds/KL25Z4/debug/libksdk_platform.a(fsl_clock_MKL25Z4.o) (g_oscBase)
D:/Freescale/KSDK_1.2.0/lib/ksdk_platform_lib/kds/KL25Z4/debug/libksdk_platform.a(fsl_os_abstraction_bm.o)
                              D:/Freescale/KSDK_1.2.0/lib/ksdk_platform_lib/kds/KL25Z4/debug/libksdk_platform.a(fsl_clock_manager.o) (OSA_EnterCritical)
D:/Freescale/KSDK_1.2.0/lib/ksdk_platform_lib/kds/KL25Z4/debug/libksdk_platform.a(fsl_sim_hal_MKL25Z4.o)
                              D:/Freescale/KSDK_1.2.0/lib/ksdk_platform_lib/kds/KL25Z4/debug/libksdk_platform.a(fsl_clock_MKL25Z4.o) (CLOCK_HAL_SetOutDiv)
D:/Freescale/KSDK_1.2.0/lib/ksdk_platform_lib/kds/KL25Z4/debug/libksdk_platform.a(fsl_rtc_common.o)
                              D:/Freescale/KSDK_1.2.0/lib/ksdk_platform_lib/kds/KL25Z4/debug/libksdk_platform.a(fsl_clock_manager.o) (g_rtcBase)
D:/Freescale/KSDK_1.2.0/lib/ksdk_platform_lib/kds/KL25Z4/debug/libksdk_platform.a(fsl_osc_hal.o)
                              D:/Freescale/KSDK_1.2.0/lib/ksdk_platform_lib/kds/KL25Z4/debug/libksdk_platform.a(fsl_clock_manager.o) (OSC_HAL_SetCapacitor)
D:/Freescale/KSDK_1.2.0/lib/ksdk_platform_lib/kds/KL25Z4/debug/libksdk_platform.a(fsl_mcg_hal.o)
                              D:/Freescale/KSDK_1.2.0/lib/ksdk_platform_lib/kds/KL25Z4/debug/libksdk_platform.a(fsl_clock_MKL25Z4.o) (CLOCK_HAL_GetFllClk)
D:/Freescale/KSDK_1.2.0/lib/ksdk_platform_lib/kds/KL25Z4/debug/libksdk_platform.a(fsl_mcg_hal_modes.o)
                              D:/Freescale/KSDK_1.2.0/lib/ksdk_platform_lib/kds/KL25Z4/debug/libksdk_platform.a(fsl_clock_manager.o) (CLOCK_HAL_GetMcgMode)
D:/Freescale/KSDK_1.2.0/lib/ksdk_platform_lib/kds/KL25Z4/debug/libksdk_platform.a(fsl_lptmr_hal.o)
                              D:/Freescale/KSDK_1.2.0/lib/ksdk_platform_lib/kds/KL25Z4/debug/libksdk_platform.a(fsl_lptmr_driver.o) (LPTMR_HAL_Init)
D:/Freescale/KSDK_1.2.0/lib/ksdk_platform_lib/kds/KL25Z4/debug/libksdk_platform.a(fsl_lptmr_common.o)
                              D:/Freescale/KSDK_1.2.0/lib/ksdk_platform_lib/kds/KL25Z4/debug/libksdk_platform.a(fsl_lptmr_driver.o) (g_lptmrIrqId)
D:/Freescale/KSDK_1.2.0/lib/ksdk_platform_lib/kds/KL25Z4/debug/libksdk_platform.a(fsl_interrupt_manager.o)
                              D:/Freescale/KSDK_1.2.0/lib/ksdk_platform_lib/kds/KL25Z4/debug/libksdk_platform.a(fsl_os_abstraction_bm.o) (INT_SYS_InstallHandler)
d:/freescale/kds/toolchain/bin/../lib/gcc/arm-none-eabi/4.8.4/armv6-m\libgcc.a(_thumb1_case_uqi.o)
                              D:/Freescale/KSDK_1.2.0/lib/ksdk_platform_lib/kds/KL25Z4/debug/libksdk_platform.a(fsl_clock_MKL25Z4.o) (__gnu_thumb1_case_uqi)
d:/freescale/kds/toolchain/bin/../lib/gcc/arm-none-eabi/4.8.4/armv6-m\libgcc.a(_udivsi3.o)
                              ./Sources/Componentes/Serial/print_scan.o (__aeabi_uidiv)
d:/freescale/kds/toolchain/bin/../lib/gcc/arm-none-eabi/4.8.4/armv6-m\libgcc.a(_divsi3.o)
                              ./Sources/Factory/command_factory.o (__aeabi_idiv)
d:/freescale/kds/toolchain/bin/../lib/gcc/arm-none-eabi/4.8.4/armv6-m\libgcc.a(_dvmd_tls.o)
                              d:/freescale/kds/toolchain/bin/../lib/gcc/arm-none-eabi/4.8.4/armv6-m\libgcc.a(_udivsi3.o) (__aeabi_idiv0)
d:/freescale/kds/toolchain/bin/../lib/gcc/arm-none-eabi/4.8.4/armv6-m\libgcc.a(divsf3.o)
                              ./Sources/Factory/command_factory.o (__aeabi_fdiv)
d:/freescale/kds/toolchain/bin/../lib/gcc/arm-none-eabi/4.8.4/armv6-m\libgcc.a(mulsf3.o)
[...]
Memory Configuration

Name             Origin             Length             Attributes
m_interrupts     0x00000000         0x00000100         xr
m_flash_config   0x00000400         0x00000010         xr
m_text           0x00000410         0x0001fbf0         xr
m_data           0x1ffff000         0x00004000         rw
*default*        0x00000000         0xffffffff

Linker script and memory map

LOAD d:/freescale/kds/toolchain/bin/../lib/gcc/arm-none-eabi/4.8.4/armv6-m/crti.o
LOAD d:/freescale/kds/toolchain/bin/../lib/gcc/arm-none-eabi/4.8.4/armv6-m/crtbegin.o
LOAD d:/freescale/kds/toolchain/bin/../lib/gcc/arm-none-eabi/4.8.4/../../../../arm-none-eabi/lib/armv6-m/crt0.o
LOAD ./Sources/Util/util.o
LOAD ./Sources/Sistema/fsl_debug_console.o
LOAD ./Sources/Sistema/mcg_hal.o
LOAD ./Sources/Main/main.o
LOAD ./Sources/Factory/command_factory.o
LOAD ./Sources/Componentes/Timers/tc_hal.o
LOAD ./Sources/Componentes/TSI/tsi_hal.o
LOAD ./Sources/Componentes/Switch_and_Button/button_hal.o
LOAD ./Sources/Componentes/Switch_and_Button/switch_hal.o
LOAD ./Sources/Componentes/Serial/debugUart.o
LOAD ./Sources/Componentes/Serial/print_scan.o
LOAD ./Sources/Componentes/Serial/serial_hal.o
LOAD ./Sources/Componentes/LCD/lcd_hal.o
LOAD ./Sources/Componentes/Bluetooth/uart1.o
LOAD ./Sources/Componentes/Acelerometro/acelerometro.o
LOAD ./Sources/Componentes/Acelerometro/i2c0.o
LOAD ./Project_Settings/Startup_Code/startup.o
LOAD ./Project_Settings/Startup_Code/startup_MKL25Z4.o
LOAD ./Project_Settings/Startup_Code/system_MKL25Z4.o
LOAD D:/Freescale/KSDK_1.2.0/lib/ksdk_platform_lib/kds/KL25Z4/debug/libksdk_platform.a
LOAD d:/freescale/kds/toolchain/bin/../lib/gcc/arm-none-eabi/4.8.4/../../../../arm-none-eabi/lib/armv6-m\libstdc++_s.a
LOAD d:/freescale/kds/toolchain/bin/../lib/gcc/arm-none-eabi/4.8.4/../../../../arm-none-eabi/lib/armv6-m\libm.a
START GROUP
LOAD d:/freescale/kds/toolchain/bin/../lib/gcc/arm-none-eabi/4.8.4/armv6-m\libgcc.a
LOAD d:/freescale/kds/toolchain/bin/../lib/gcc/arm-none-eabi/4.8.4/../../../../arm-none-eabi/lib/armv6-m\libg_s.a
LOAD d:/freescale/kds/toolchain/bin/../lib/gcc/arm-none-eabi/4.8.4/../../../../arm-none-eabi/lib/armv6-m\libc_s.a
END GROUP
START GROUP
LOAD d:/freescale/kds/toolchain/bin/../lib/gcc/arm-none-eabi/4.8.4/armv6-m\libgcc.a
LOAD d:/freescale/kds/toolchain/bin/../lib/gcc/arm-none-eabi/4.8.4/../../../../arm-none-eabi/lib/armv6-m\libc_s.a
LOAD d:/freescale/kds/toolchain/bin/../lib/gcc/arm-none-eabi/4.8.4/../../../../arm-none-eabi/lib/armv6-m\libnosys.a
END GROUP
START GROUP
LOAD d:/freescale/kds/toolchain/bin/../lib/gcc/arm-none-eabi/4.8.4/armv6-m\libgcc.a
LOAD d:/freescale/kds/toolchain/bin/../lib/gcc/arm-none-eabi/4.8.4/../../../../arm-none-eabi/lib/armv6-m\libc_s.a
LOAD d:/freescale/kds/toolchain/bin/../lib/gcc/arm-none-eabi/4.8.4/../../../../arm-none-eabi/lib/armv6-m\libnosys.a
END GROUP
LOAD d:/freescale/kds/toolchain/bin/../lib/gcc/arm-none-eabi/4.8.4/armv6-m/crtend.o
LOAD d:/freescale/kds/toolchain/bin/../lib/gcc/arm-none-eabi/4.8.4/armv6-m/crtn.o
                0x00000400                HEAP_SIZE = DEFINED (__heap_size__)?__heap_size__:0x400
                0x00000400                STACK_SIZE = DEFINED (__stack_size__)?__stack_size__:0x400
                0x00000000                M_VECTOR_RAM_SIZE = DEFINED (__ram_vector_table__)?0x100:0x0

.interrupts     0x00000000       0xc0
                0x00000000                __VECTOR_TABLE = .
                0x00000000                . = ALIGN (0x4)
 *(.isr_vector)
 .isr_vector    0x00000000       0xc0 ./Project_Settings/Startup_Code/startup_MKL25Z4.o
                0x00000000                __isr_vector
                0x000000c0                . = ALIGN (0x4)

.flash_config   0x00000400       0x10
                0x00000400                . = ALIGN (0x4)
 *(.FlashConfig)
 .FlashConfig   0x00000400       0x10 ./Project_Settings/Startup_Code/startup_MKL25Z4.o
                0x00000410                . = ALIGN (0x4)

.text           0x00000410     0x4794
                0x00000410                . = ALIGN (0x4)
 *(.text)
 .text          0x00000410       0x60 d:/freescale/kds/toolchain/bin/../lib/gcc/arm-none-eabi/4.8.4/armv6-m/crtbegin.o
 .text          0x00000470       0x78 d:/freescale/kds/toolchain/bin/../lib/gcc/arm-none-eabi/4.8.4/../../../../arm-none-eabi/lib/armv6-m/crt0.o
                0x00000470                _start
                0x00000470                _mainCRTStartup
 .text          0x000004e8       0x18 ./Project_Settings/Startup_Code/startup_MKL25Z4.o
                0x000004e8                Reset_Handler
                0x000004f8                HardFault_Handler
                0x000004f8                SysTick_Handler
                0x000004f8                PendSV_Handler
                0x000004f8                NMI_Handler
                0x000004f8                I2C1_IRQHandler
                0x000004f8                UART1_IRQHandler
                0x000004f8                DMA2_IRQHandler
                0x000004f8                TPM0_IRQHandler
                0x000004f8                LLWU_IRQHandler
                0x000004f8                TSI0_IRQHandler
                0x000004f8                UART0_IRQHandler
                0x000004f8                ADC0_IRQHandler
                0x000004f8                Reserved39_IRQHandler
                0x000004f8                SPI1_IRQHandler
                0x000004f8                DefaultISR
                0x000004f8                PORTD_IRQHandler
                0x000004f8                TPM2_IRQHandler
                0x000004f8                RTC_IRQHandler
                0x000004f8                I2C0_IRQHandler
                0x000004f8                RTC_Seconds_IRQHandler
                0x000004f8                MCG_IRQHandler
                0x000004f8                UART2_IRQHandler
                0x000004f8                Reserved20_IRQHandler
                0x000004f8                USB0_IRQHandler
                0x000004f8                PIT_IRQHandler
                0x000004f8                SVC_Handler
                0x000004f8                DMA3_IRQHandler
                0x000004f8                DMA0_IRQHandler
                0x000004f8                DAC0_IRQHandler
                0x000004f8                Reserved45_IRQHandler
                0x000004f8                TPM1_IRQHandler
                0x000004f8                LVD_LVW_IRQHandler
                0x000004f8                SPI0_IRQHandler
                0x000004f8                PORTA_IRQHandler
                0x000004f8                FTFA_IRQHandler
                0x000004f8                CMP0_IRQHandler
                0x000004f8                DMA1_IRQHandler
 .text          0x00000500       0x14 d:/freescale/kds/toolchain/bin/../lib/gcc/arm-none-eabi/4.8.4/armv6-m\libgcc.a(_thumb1_case_uqi.o)
                0x00000500                __gnu_thumb1_case_uqi
 .text          0x00000514       0x9c d:/freescale/kds/toolchain/bin/../lib/gcc/arm-none-eabi/4.8.4/armv6-m\libgcc.a(_udivsi3.o)
                0x00000514                __aeabi_uidiv
                0x00000514                __udivsi3
                0x0000059c                __aeabi_uidivmod
 .text          0x000005b0       0xc0 d:/freescale/kds/toolchain/bin/../lib/gcc/arm-none-eabi/4.8.4/armv6-m\libgcc.a(_divsi3.o)
                0x000005b0                __divsi3
                0x000005b0                __aeabi_idiv
                0x0000065c                __aeabi_idivmod
 .text          0x00000670        0x4 d:/freescale/kds/toolchain/bin/../lib/gcc/arm-none-eabi/4.8.4/armv6-m\libgcc.a(_dvmd_tls.o)
                0x00000670                __aeabi_idiv0
                0x00000670                __aeabi_ldiv0
 .text          0x00000674      0x24c d:/freescale/kds/toolchain/bin/../lib/gcc/arm-none-eabi/4.8.4/armv6-m\libgcc.a(divsf3.o)
                0x00000674                __aeabi_fdiv
 .text          0x000008c0      0x254 d:/freescale/kds/toolchain/bin/../lib/gcc/arm-none-eabi/4.8.4/armv6-m\libgcc.a(mulsf3.o)
                0x000008c0                __aeabi_fmul
 .text          0x00000b14      0x2ec d:/freescale/kds/toolchain/bin/../lib/gcc/arm-none-eabi/4.8.4/armv6-m\libgcc.a(subsf3.o)
                0x00000b14                __aeabi_fsub
 .text          0x00000e00       0x40 d:/freescale/kds/toolchain/bin/../lib/gcc/arm-none-eabi/4.8.4/armv6-m\libgcc.a(fixsfsi.o)
                0x00000e00                __aeabi_f2iz
 .text          0x00000e40       0xb8 d:/freescale/kds/toolchain/bin/../lib/gcc/arm-none-eabi/4.8.4/armv6-m\libgcc.a(floatsisf.o)
                0x00000e40                __aeabi_i2f
 .text          0x00000ef8       0x3c d:/freescale/kds/toolchain/bin/../lib/gcc/arm-none-eabi/4.8.4/armv6-m\libgcc.a(_clzsi2.o)
                0x00000ef8                __clzsi2
 *(.text*)
 .text.util_genDelay088us
                0x00000f34       0x48 ./Sources/Util/util.o
                0x00000f34                util_genDelay088us
 .text.util_genDelay250us
                0x00000f7c       0x44 ./Sources/Util/util.o
                0x00000f7c                util_genDelay250us
 .text.util_genDelay1ms
                0x00000fc0       0x18 ./Sources/Util/util.o
                0x00000fc0                util_genDelay1ms
 .text.UART_HAL_EnableTransmitter
                0x00000fd8       0x1c ./Sources/Sistema/fsl_debug_console.o
 .text.UART_HAL_EnableReceiver
                0x00000ff4       0x1c ./Sources/Sistema/fsl_debug_console.o
 .text.UART_HAL_SetBitCountPerChar
                0x00001010       0x28 ./Sources/Sistema/fsl_debug_console.o
 .text.UART_HAL_SetStopBitCount
                0x00001038       0x28 ./Sources/Sistema/fsl_debug_console.o
 .text.LPSCI_HAL_EnableTransmitter
                0x00001060       0x1c ./Sources/Sistema/fsl_debug_console.o
 .text.LPSCI_HAL_EnableReceiver
                0x0000107c       0x1c ./Sources/Sistema/fsl_debug_console.o
 .text.LPSCI_HAL_SetBitCountPerChar
                0x00001098       0x28 ./Sources/Sistema/fsl_debug_console.o
 .text.LPSCI_HAL_SetStopBitCount
                0x000010c0       0x28 ./Sources/Sistema/fsl_debug_console.o
 .text.DbgConsole_Init
                0x000010e8      0x160 ./Sources/Sistema/fsl_debug_console.o
                0x000010e8                DbgConsole_Init
 .text._write   0x00001248       0x5c ./Sources/Sistema/fsl_debug_console.o
                0x00001248                _write
 .text._read    0x000012a4       0x48 ./Sources/Sistema/fsl_debug_console.o
                0x000012a4                _read
 .text.SMC_HAL_SetProtection
                0x000012ec       0x1c ./Sources/Sistema/mcg_hal.o
 .text.PORT_HAL_SetMuxMode
                0x00001308       0x4c ./Sources/Sistema/mcg_hal.o
 .text.mcg_initOsc0
                0x00001354       0x40 ./Sources/Sistema/mcg_hal.o
                0x00001354                mcg_initOsc0
 .text.mcg_initRtcOsc
                0x00001394       0x40 ./Sources/Sistema/mcg_hal.o
                0x00001394                mcg_initRtcOsc
 .text.mcg_initSystemClock
                0x000013d4       0x14 ./Sources/Sistema/mcg_hal.o
                0x000013d4                mcg_initSystemClock
 .text.mcg_clockInit
                0x000013e8       0x50 ./Sources/Sistema/mcg_hal.o
                0x000013e8                mcg_clockInit
 .text.cyclicExecuteISR
                0x00001438       0x14 ./Sources/Main/main.o
                0x00001438                cyclicExecuteISR
 .text.boardInit
                0x0000144c       0x3c ./Sources/Main/main.o
                0x0000144c                boardInit
 .text.main     0x00001488       0x74 ./Sources/Main/main.o
                0x00001488                main
 .text.buildCommand
                0x000014fc      0x194 ./Sources/Factory/command_factory.o
                0x000014fc                buildCommand
 .text.LPTMR0_IRQHandler
                0x00001690       0x10 ./Sources/Componentes/Timers/tc_hal.o
                0x00001690                LPTMR0_IRQHandler
 .text.tc_installLptmr0
                0x000016a0       0x40 ./Sources/Componentes/Timers/tc_hal.o
                0x000016a0                tc_installLptmr0
 .text.tsi_init
                0x000016e0       0x8c ./Sources/Componentes/TSI/tsi_hal.o
                0x000016e0                tsi_init
 .text.tsi_scan
                0x0000176c       0x78 ./Sources/Componentes/TSI/tsi_hal.o
                0x0000176c                tsi_scan
 .text.switch_init
                0x000017e4       0x44 ./Sources/Componentes/Switch_and_Button/switch_hal.o
                0x000017e4                switch_init
 .text.switch_getSwitchStatus
                0x00001828       0x30 ./Sources/Componentes/Switch_and_Button/switch_hal.o
                0x00001828                switch_getSwitchStatus
 .text.CLOCK_HAL_SetLpsciSrc
                0x00001858       0x30 ./Sources/Componentes/Serial/debugUart.o
 .text.CLOCK_SYS_SetLpsciSrc
                0x00001888       0x2c ./Sources/Componentes/Serial/debugUart.o
 .text.PORT_HAL_SetMuxMode
                0x000018b4       0x4c ./Sources/Componentes/Serial/debugUart.o
 .text.debugUart_init
                0x00001900       0x3c ./Sources/Componentes/Serial/debugUart.o
                0x00001900                debugUart_init
 .text.serial_init
                0x0000193c       0x10 ./Sources/Componentes/Serial/serial_hal.o
                0x0000193c                serial_init
 .text.lcd_initLcd
                0x0000194c      0x100 ./Sources/Componentes/LCD/lcd_hal.o
                0x0000194c                lcd_initLcd
 .text.lcd_write2Lcd
                0x00001a4c      0x114 ./Sources/Componentes/LCD/lcd_hal.o
                0x00001a4c                lcd_write2Lcd
 .text.lcd_sendCommand
                0x00001b60       0x20 ./Sources/Componentes/LCD/lcd_hal.o
                0x00001b60                lcd_sendCommand
 .text.uart1_init
                0x00001b80       0xac ./Sources/Componentes/Bluetooth/uart1.o
                0x00001b80                uart1_init
 .text.sendChar
                0x00001c2c       0x30 ./Sources/Componentes/Bluetooth/uart1.o
                0x00001c2c                sendChar
 .text.uart1_sendBuffer
                0x00001c5c       0x38 ./Sources/Componentes/Bluetooth/uart1.o
                0x00001c5c                uart1_sendBuffer
 .text.acelerometro_init
                0x00001c94       0x88 ./Sources/Componentes/Acelerometro/acelerometro.o
                0x00001c94                acelerometro_init
 .text.acelerometro_calibrate
                0x00001d1c      0x14c ./Sources/Componentes/Acelerometro/acelerometro.o
                0x00001d1c                acelerometro_calibrate
 .text.acelerometro_getData
                0x00001e68      0x104 ./Sources/Componentes/Acelerometro/acelerometro.o
                0x00001e68                acelerometro_getData
 .text.Pause    0x00001f6c       0x24 ./Sources/Componentes/Acelerometro/i2c0.o
                0x00001f6c                Pause
 .text.disableAck
                0x00001f90       0x1c ./Sources/Componentes/Acelerometro/i2c0.o
                0x00001f90                disableAck
 .text.enableAck
                0x00001fac       0x1c ./Sources/Componentes/Acelerometro/i2c0.o
                0x00001fac                enableAck
 .text.sendRepeatedStart
                0x00001fc8       0x1c ./Sources/Componentes/Acelerometro/i2c0.o
                0x00001fc8                sendRepeatedStart
 .text.enterReceiveMode
                0x00001fe4       0x1c ./Sources/Componentes/Acelerometro/i2c0.o
                0x00001fe4                enterReceiveMode
 .text.writeByte
                0x00002000       0x20 ./Sources/Componentes/Acelerometro/i2c0.o
                0x00002000                writeByte
 .text.readByte
                0x00002020       0x18 ./Sources/Componentes/Acelerometro/i2c0.o
                0x00002020                readByte
 .text.startTransmission
                0x00002038       0x2c ./Sources/Componentes/Acelerometro/i2c0.o
                0x00002038                startTransmission
 .text.sendStopBit
                0x00002064       0x2c ./Sources/Componentes/Acelerometro/i2c0.o
                0x00002064                sendStopBit
 .text.waitAck  0x00002090       0x2c ./Sources/Componentes/Acelerometro/i2c0.o
                0x00002090                waitAck
 .text.i2c0_init
                0x000020bc       0x5c ./Sources/Componentes/Acelerometro/i2c0.o
                0x000020bc                i2c0_init
 .text.i2c0_writeRegister
                0x00002118       0x5c ./Sources/Componentes/Acelerometro/i2c0.o
                0x00002118                i2c0_writeRegister
 .text.i2c0_readRegister
                0x00002174       0x98 ./Sources/Componentes/Acelerometro/i2c0.o
                0x00002174                i2c0_readRegister
 .text.i2c0_readMultiRegisters
                0x0000220c       0xf4 ./Sources/Componentes/Acelerometro/i2c0.o
                0x0000220c                i2c0_readMultiRegisters
 .text.init_data_bss
                0x00002300       0xc8 ./Project_Settings/Startup_Code/startup.o
                0x00002300                init_data_bss
 .text.SystemInit
                0x000023c8       0x18 ./Project_Settings/Startup_Code/system_MKL25Z4.o
                0x000023c8                SystemInit
 .text.UART_HAL_SetBaudRate
                0x000023e0       0x34 D:/Freescale/KSDK_1.2.0/lib/ksdk_platform_lib/kds/KL25Z4/debug/libksdk_platform.a(fsl_uart_hal.o)
                0x000023e0                UART_HAL_SetBaudRate
 .text.UART_HAL_SetParityMode
                0x00002414       0x1e D:/Freescale/KSDK_1.2.0/lib/ksdk_platform_lib/kds/KL25Z4/debug/libksdk_platform.a(fsl_uart_hal.o)
                0x00002414                UART_HAL_SetParityMode
 .text.UART_HAL_SendDataPolling
                0x00002432       0x22 D:/Freescale/KSDK_1.2.0/lib/ksdk_platform_lib/kds/KL25Z4/debug/libksdk_platform.a(fsl_uart_hal.o)
                0x00002432                UART_HAL_SendDataPolling
 .text.UART_HAL_ReceiveDataPolling
                0x00002454       0x38 D:/Freescale/KSDK_1.2.0/lib/ksdk_platform_lib/kds/KL25Z4/debug/libksdk_platform.a(fsl_uart_hal.o)
                0x00002454                UART_HAL_ReceiveDataPolling
 .text.INT_SYS_DisableIRQ
                0x0000248c       0x40 D:/Freescale/KSDK_1.2.0/lib/ksdk_platform_lib/kds/KL25Z4/debug/libksdk_platform.a(fsl_lptmr_driver.o)
 .text.LPTMR_DRV_Init
                0x000024cc      0x124 D:/Freescale/KSDK_1.2.0/lib/ksdk_platform_lib/kds/KL25Z4/debug/libksdk_platform.a(fsl_lptmr_driver.o)
                0x000024cc                LPTMR_DRV_Init
 .text.LPTMR_DRV_Start
                0x000025f0       0x4c D:/Freescale/KSDK_1.2.0/lib/ksdk_platform_lib/kds/KL25Z4/debug/libksdk_platform.a(fsl_lptmr_driver.o)
                0x000025f0                LPTMR_DRV_Start
 .text.LPTMR_DRV_SetTimerPeriodUs
                0x0000263c       0xcc D:/Freescale/KSDK_1.2.0/lib/ksdk_platform_lib/kds/KL25Z4/debug/libksdk_platform.a(fsl_lptmr_driver.o)
                0x0000263c                LPTMR_DRV_SetTimerPeriodUs
 .text.LPTMR_DRV_InstallCallback
                0x00002708       0x38 D:/Freescale/KSDK_1.2.0/lib/ksdk_platform_lib/kds/KL25Z4/debug/libksdk_platform.a(fsl_lptmr_driver.o)
                0x00002708                LPTMR_DRV_InstallCallback
 .text.LPTMR_DRV_IRQHandler
                0x00002740       0x6c D:/Freescale/KSDK_1.2.0/lib/ksdk_platform_lib/kds/KL25Z4/debug/libksdk_platform.a(fsl_lptmr_driver.o)
                0x00002740                LPTMR_DRV_IRQHandler
 .text.LPSCI_HAL_SetBaudRate
                0x000027ac       0xcc D:/Freescale/KSDK_1.2.0/lib/ksdk_platform_lib/kds/KL25Z4/debug/libksdk_platform.a(fsl_lpsci_hal.o)
                0x000027ac                LPSCI_HAL_SetBaudRate
 .text.LPSCI_HAL_SetParityMode
                0x00002878       0x1e D:/Freescale/KSDK_1.2.0/lib/ksdk_platform_lib/kds/KL25Z4/debug/libksdk_platform.a(fsl_lpsci_hal.o)
                0x00002878                LPSCI_HAL_SetParityMode
 .text.LPSCI_HAL_SendDataPolling
                0x00002896       0x20 D:/Freescale/KSDK_1.2.0/lib/ksdk_platform_lib/kds/KL25Z4/debug/libksdk_platform.a(fsl_lpsci_hal.o)
                0x00002896                LPSCI_HAL_SendDataPolling
 .text.LPSCI_HAL_ReceiveDataPolling
                0x000028b6       0x36 D:/Freescale/KSDK_1.2.0/lib/ksdk_platform_lib/kds/KL25Z4/debug/libksdk_platform.a(fsl_lpsci_hal.o)
                0x000028b6                LPSCI_HAL_ReceiveDataPolling
 .text.SIM_HAL_EnableClock.constprop.7
                0x000028ec       0x24 D:/Freescale/KSDK_1.2.0/lib/ksdk_platform_lib/kds/KL25Z4/debug/libksdk_platform.a(fsl_clock_MKL25Z4.o)
 .text.CLOCK_SYS_GetCoreClockFreq
                0x00002910       0x20 D:/Freescale/KSDK_1.2.0/lib/ksdk_platform_lib/kds/KL25Z4/debug/libksdk_platform.a(fsl_clock_MKL25Z4.o)
                0x00002910                CLOCK_SYS_GetCoreClockFreq
 .text.CLOCK_SYS_SetConfiguration
                0x00002930       0x84 D:/Freescale/KSDK_1.2.0/lib/ksdk_platform_lib/kds/KL25Z4/debug/libksdk_platform.a(fsl_clock_MKL25Z4.o)
                0x00002930                CLOCK_SYS_SetConfiguration
 .text.CLOCK_SYS_FllStableDelay
                0x000029b4       0x1c D:/Freescale/KSDK_1.2.0/lib/ksdk_platform_lib/kds/KL25Z4/debug/libksdk_platform.a(fsl_clock_MKL25Z4.o)
 .text.CLOCK_SYS_GetSystemClockFreq
                0x000029d0       0x20 D:/Freescale/KSDK_1.2.0/lib/ksdk_platform_lib/kds/KL25Z4/debug/libksdk_platform.a(fsl_clock_MKL25Z4.o)
                0x000029d0                CLOCK_SYS_GetSystemClockFreq
 .text.CLOCK_SYS_GetBusClockFreq
                0x000029f0       0x18 D:/Freescale/KSDK_1.2.0/lib/ksdk_platform_lib/kds/KL25Z4/debug/libksdk_platform.a(fsl_clock_MKL25Z4.o)
                0x000029f0                CLOCK_SYS_GetBusClockFreq
 .text.CLOCK_SYS_GetPllFllClockFreq
                0x00002a08       0x30 D:/Freescale/KSDK_1.2.0/lib/ksdk_platform_lib/kds/KL25Z4/debug/libksdk_platform.a(fsl_clock_MKL25Z4.o)
                0x00002a08                CLOCK_SYS_GetPllFllClockFreq
 .text.CLOCK_SYS_GetExternalRefClock32kFreq
                0x00002a38       0x40 D:/Freescale/KSDK_1.2.0/lib/ksdk_platform_lib/kds/KL25Z4/debug/libksdk_platform.a(fsl_clock_MKL25Z4.o)
                0x00002a38                CLOCK_SYS_GetExternalRefClock32kFreq
 .text.CLOCK_SYS_GetOsc0ExternalRefClockFreq
                0x00002a78       0x24 D:/Freescale/KSDK_1.2.0/lib/ksdk_platform_lib/kds/KL25Z4/debug/libksdk_platform.a(fsl_clock_MKL25Z4.o)
                0x00002a78                CLOCK_SYS_GetOsc0ExternalRefClockFreq
 .text.CLOCK_SYS_GetLptmrFreq
                0x00002a9c       0x30 D:/Freescale/KSDK_1.2.0/lib/ksdk_platform_lib/kds/KL25Z4/debug/libksdk_platform.a(fsl_clock_MKL25Z4.o)
                0x00002a9c                CLOCK_SYS_GetLptmrFreq
 .text.CLOCK_SYS_GetLpsciFreq
                0x00002acc       0x34 D:/Freescale/KSDK_1.2.0/lib/ksdk_platform_lib/kds/KL25Z4/debug/libksdk_platform.a(fsl_clock_MKL25Z4.o)
                0x00002acc                CLOCK_SYS_GetLpsciFreq
 .text.CLOCK_SYS_GetUartFreq
                0x00002b00       0x10 D:/Freescale/KSDK_1.2.0/lib/ksdk_platform_lib/kds/KL25Z4/debug/libksdk_platform.a(fsl_clock_MKL25Z4.o)
                0x00002b00                CLOCK_SYS_GetUartFreq
 .text.CLOCK_SYS_EnablePortClock
                0x00002b10       0x30 D:/Freescale/KSDK_1.2.0/lib/ksdk_platform_lib/kds/KL25Z4/debug/libksdk_platform.a(fsl_clock_MKL25Z4.o)
                0x00002b10                CLOCK_SYS_EnablePortClock
 .text.CLOCK_SYS_EnableLpsciClock
                0x00002b40       0x30 D:/Freescale/KSDK_1.2.0/lib/ksdk_platform_lib/kds/KL25Z4/debug/libksdk_platform.a(fsl_clock_MKL25Z4.o)
                0x00002b40                CLOCK_SYS_EnableLpsciClock
 .text.CLOCK_SYS_EnableUartClock
                0x00002b70       0x30 D:/Freescale/KSDK_1.2.0/lib/ksdk_platform_lib/kds/KL25Z4/debug/libksdk_platform.a(fsl_clock_MKL25Z4.o)
                0x00002b70                CLOCK_SYS_EnableUartClock
 .text.CLOCK_SYS_SetMcgPeeToFbe
                0x00002ba0       0x30 D:/Freescale/KSDK_1.2.0/lib/ksdk_platform_lib/kds/KL25Z4/debug/libksdk_platform.a(fsl_clock_manager.o)
 .text.CLOCK_SYS_SetMcgMode
                0x00002bd0      0x134 D:/Freescale/KSDK_1.2.0/lib/ksdk_platform_lib/kds/KL25Z4/debug/libksdk_platform.a(fsl_clock_manager.o)
                0x00002bd0                CLOCK_SYS_SetMcgMode
 .text.CLOCK_SYS_SetOscerConfigration
                0x00002d04       0x28 D:/Freescale/KSDK_1.2.0/lib/ksdk_platform_lib/kds/KL25Z4/debug/libksdk_platform.a(fsl_clock_manager.o)
                0x00002d04                CLOCK_SYS_SetOscerConfigration
 .text.CLOCK_SYS_OscInit
                0x00002d2c       0x98 D:/Freescale/KSDK_1.2.0/lib/ksdk_platform_lib/kds/KL25Z4/debug/libksdk_platform.a(fsl_clock_manager.o)
                0x00002d2c                CLOCK_SYS_OscInit
 .text.CLOCK_SYS_RtcOscInit
                0x00002dc4       0xa0 D:/Freescale/KSDK_1.2.0/lib/ksdk_platform_lib/kds/KL25Z4/debug/libksdk_platform.a(fsl_clock_manager.o)
                0x00002dc4                CLOCK_SYS_RtcOscInit
 .text.CLOCK_HAL_SetOutDiv
                0x00002e64       0x1c D:/Freescale/KSDK_1.2.0/lib/ksdk_platform_lib/kds/KL25Z4/debug/libksdk_platform.a(fsl_sim_hal_MKL25Z4.o)
                0x00002e64                CLOCK_HAL_SetOutDiv
 .text.OSC_HAL_SetCapacitor
                0x00002e80        0xe D:/Freescale/KSDK_1.2.0/lib/ksdk_platform_lib/kds/KL25Z4/debug/libksdk_platform.a(fsl_osc_hal.o)
                0x00002e80                OSC_HAL_SetCapacitor
 *fill*         0x00002e8e        0x2 
 .text.CLOCK_HAL_TestOscFreq
                0x00002e90        0xc D:/Freescale/KSDK_1.2.0/lib/ksdk_platform_lib/kds/KL25Z4/debug/libksdk_platform.a(fsl_mcg_hal.o)
                0x00002e90                CLOCK_HAL_TestOscFreq
 .text.CLOCK_HAL_TestFllExternalRefFreq
                0x00002e9c       0x36 D:/Freescale/KSDK_1.2.0/lib/ksdk_platform_lib/kds/KL25Z4/debug/libksdk_platform.a(fsl_mcg_hal.o)
                0x00002e9c                CLOCK_HAL_TestFllExternalRefFreq
 *fill*         0x00002ed2        0x2 
 .text.CLOCK_HAL_GetFllRefClk
                0x00002ed4       0x44 D:/Freescale/KSDK_1.2.0/lib/ksdk_platform_lib/kds/KL25Z4/debug/libksdk_platform.a(fsl_mcg_hal.o)
                0x00002ed4                CLOCK_HAL_GetFllRefClk
 .text.CLOCK_HAL_TestFllFreq
                0x00002f18       0x38 D:/Freescale/KSDK_1.2.0/lib/ksdk_platform_lib/kds/KL25Z4/debug/libksdk_platform.a(fsl_mcg_hal.o)
                0x00002f18                CLOCK_HAL_TestFllFreq
 .text.CLOCK_HAL_GetFllClk
                0x00002f50       0x40 D:/Freescale/KSDK_1.2.0/lib/ksdk_platform_lib/kds/KL25Z4/debug/libksdk_platform.a(fsl_mcg_hal.o)
                0x00002f50                CLOCK_HAL_GetFllClk
 .text.CLOCK_HAL_UpdateFastClkInternalRefDiv
                0x00002f90       0x60 D:/Freescale/KSDK_1.2.0/lib/ksdk_platform_lib/kds/KL25Z4/debug/libksdk_platform.a(fsl_mcg_hal.o)
                0x00002f90                CLOCK_HAL_UpdateFastClkInternalRefDiv
 .text.CLOCK_HAL_GetPll0Clk
                0x00002ff0       0x48 D:/Freescale/KSDK_1.2.0/lib/ksdk_platform_lib/kds/KL25Z4/debug/libksdk_platform.a(fsl_mcg_hal.o)
                0x00002ff0                CLOCK_HAL_GetPll0Clk
 .text.CLOCK_HAL_EnablePll0InFllMode
                0x00003038       0x38 D:/Freescale/KSDK_1.2.0/lib/ksdk_platform_lib/kds/KL25Z4/debug/libksdk_platform.a(fsl_mcg_hal.o)
                0x00003038                CLOCK_HAL_EnablePll0InFllMode
 .text.CLOCK_HAL_GetInternalRefClk
                0x00003070       0x40 D:/Freescale/KSDK_1.2.0/lib/ksdk_platform_lib/kds/KL25Z4/debug/libksdk_platform.a(fsl_mcg_hal.o)
                0x00003070                CLOCK_HAL_GetInternalRefClk
 .text.CLOCK_HAL_GetOutClk
                0x000030b0       0x48 D:/Freescale/KSDK_1.2.0/lib/ksdk_platform_lib/kds/KL25Z4/debug/libksdk_platform.a(fsl_mcg_hal.o)
                0x000030b0                CLOCK_HAL_GetOutClk
 .text.CLOCK_HAL_SetOsc0Mode
                0x000030f8       0x24 D:/Freescale/KSDK_1.2.0/lib/ksdk_platform_lib/kds/KL25Z4/debug/libksdk_platform.a(fsl_mcg_hal.o)
                0x000030f8                CLOCK_HAL_SetOsc0Mode
 .text.CLOCK_HAL_PrepareOsc.isra.0
                0x0000311c       0x1e D:/Freescale/KSDK_1.2.0/lib/ksdk_platform_lib/kds/KL25Z4/debug/libksdk_platform.a(fsl_mcg_hal_modes.o)
 *fill*         0x0000313a        0x2 
 .text.CLOCK_HAL_GetMcgMode
                0x0000313c       0x8c D:/Freescale/KSDK_1.2.0/lib/ksdk_platform_lib/kds/KL25Z4/debug/libksdk_platform.a(fsl_mcg_hal_modes.o)
                0x0000313c                CLOCK_HAL_GetMcgMode
 .text.CLOCK_HAL_SetFbiMode
                0x000031c8       0xc0 D:/Freescale/KSDK_1.2.0/lib/ksdk_platform_lib/kds/KL25Z4/debug/libksdk_platform.a(fsl_mcg_hal_modes.o)
                0x000031c8                CLOCK_HAL_SetFbiMode
 .text.CLOCK_HAL_SetFbeMode
                0x00003288       0xd0 D:/Freescale/KSDK_1.2.0/lib/ksdk_platform_lib/kds/KL25Z4/debug/libksdk_platform.a(fsl_mcg_hal_modes.o)
                0x00003288                CLOCK_HAL_SetFbeMode
 .text.CLOCK_HAL_SetPbeMode
                0x00003358       0xc8 D:/Freescale/KSDK_1.2.0/lib/ksdk_platform_lib/kds/KL25Z4/debug/libksdk_platform.a(fsl_mcg_hal_modes.o)
                0x00003358                CLOCK_HAL_SetPbeMode
 .text.LPTMR_HAL_SetTimerWorkingMode
                0x00003420       0x3a D:/Freescale/KSDK_1.2.0/lib/ksdk_platform_lib/kds/KL25Z4/debug/libksdk_platform.a(fsl_lptmr_hal.o)
                0x00003420                LPTMR_HAL_SetTimerWorkingMode
 .text.LPTMR_HAL_SetPrescalerMode
                0x0000345a       0x1e D:/Freescale/KSDK_1.2.0/lib/ksdk_platform_lib/kds/KL25Z4/debug/libksdk_platform.a(fsl_lptmr_hal.o)
                0x0000345a                LPTMR_HAL_SetPrescalerMode
 .text.__assert_func
                0x00003478       0x3c d:/freescale/kds/toolchain/bin/../lib/gcc/arm-none-eabi/4.8.4/../../../../arm-none-eabi/lib/armv6-m\libg_s.a(lib_a-assert.o)
                0x00003478                __assert_func
 .text.exit     0x000034b4       0x2c d:/freescale/kds/toolchain/bin/../lib/gcc/arm-none-eabi/4.8.4/../../../../arm-none-eabi/lib/armv6-m\libg_s.a(lib_a-exit.o)
                0x000034b4                exit
 .text.fprintf  0x000034e0       0x24 d:/freescale/kds/toolchain/bin/../lib/gcc/arm-none-eabi/4.8.4/../../../../arm-none-eabi/lib/armv6-m\libg_s.a(lib_a-fprintf.o)
                0x000034e0                fiprintf
                0x000034e0                fprintf
 .text.__libc_init_array
                0x00003504       0x4c d:/freescale/kds/toolchain/bin/../lib/gcc/arm-none-eabi/4.8.4/../../../../arm-none-eabi/lib/armv6-m\libg_s.a(lib_a-init.o)
                0x00003504                __libc_init_array
 .text.memset   0x00003550       0x10 d:/freescale/kds/toolchain/bin/../lib/gcc/arm-none-eabi/4.8.4/../../../../arm-none-eabi/lib/armv6-m\libg_s.a(lib_a-memset.o)
                0x00003550                memset
 .text._free_r  0x00003560       0x90 d:/freescale/kds/toolchain/bin/../lib/gcc/arm-none-eabi/4.8.4/../../../../arm-none-eabi/lib/armv6-m\libg_s.a(lib_a-nano-freer.o)
                0x00003560                _free_r
 .text._malloc_r
                0x000035f0       0xa8 d:/freescale/kds/toolchain/bin/../lib/gcc/arm-none-eabi/4.8.4/../../../../arm-none-eabi/lib/armv6-m\libg_s.a(lib_a-nano-mallocr.o)
                0x000035f0                _malloc_r
 .text._sbrk_r  0x00003698       0x24 d:/freescale/kds/toolchain/bin/../lib/gcc/arm-none-eabi/4.8.4/../../../../arm-none-eabi/lib/armv6-m\libg_s.a(lib_a-sbrkr.o)
                0x00003698                _sbrk_r
 .text.strlen   0x000036bc        0xe d:/freescale/kds/toolchain/bin/../lib/gcc/arm-none-eabi/4.8.4/../../../../arm-none-eabi/lib/armv6-m\libg_s.a(lib_a-strlen.o)
                0x000036bc                strlen
 .text.__sfputc_r
                0x000036ca       0x2a d:/freescale/kds/toolchain/bin/../lib/gcc/arm-none-eabi/4.8.4/../../../../arm-none-eabi/lib/armv6-m\libg_s.a(lib_a-vfprintf.o)
 .text.__sfputs_r
                0x000036f4       0x24 d:/freescale/kds/toolchain/bin/../lib/gcc/arm-none-eabi/4.8.4/../../../../arm-none-eabi/lib/armv6-m\libg_s.a(lib_a-vfprintf.o)
                0x000036f4                __sfputs_r
 .text._vfprintf_r
                0x00003718      0x210 d:/freescale/kds/toolchain/bin/../lib/gcc/arm-none-eabi/4.8.4/../../../../arm-none-eabi/lib/armv6-m\libg_s.a(lib_a-vfprintf.o)
                0x00003718                _vfprintf_r
                0x00003718                _vfiprintf_r
 .text._printf_common
                0x00003928       0xe8 d:/freescale/kds/toolchain/bin/../lib/gcc/arm-none-eabi/4.8.4/../../../../arm-none-eabi/lib/armv6-m\libg_s.a(lib_a-vfprintf_i.o)
                0x00003928                _printf_common
 .text._printf_i
                0x00003a10      0x22c d:/freescale/kds/toolchain/bin/../lib/gcc/arm-none-eabi/4.8.4/../../../../arm-none-eabi/lib/armv6-m\libg_s.a(lib_a-vfprintf_i.o)
                0x00003a10                _printf_i
 .text.__swbuf_r
                0x00003c3c       0xb0 d:/freescale/kds/toolchain/bin/../lib/gcc/arm-none-eabi/4.8.4/../../../../arm-none-eabi/lib/armv6-m\libg_s.a(lib_a-wbuf.o)
                0x00003c3c                __swbuf_r
 .text.__swsetup_r
                0x00003cec       0xe4 d:/freescale/kds/toolchain/bin/../lib/gcc/arm-none-eabi/4.8.4/../../../../arm-none-eabi/lib/armv6-m\libg_s.a(lib_a-wsetup.o)
                0x00003cec                __swsetup_r
 .text.abort    0x00003dd0        0xe d:/freescale/kds/toolchain/bin/../lib/gcc/arm-none-eabi/4.8.4/../../../../arm-none-eabi/lib/armv6-m\libg_s.a(lib_a-abort.o)
                0x00003dd0                abort
 .text.__sflush_r
                0x00003dde      0x112 d:/freescale/kds/toolchain/bin/../lib/gcc/arm-none-eabi/4.8.4/../../../../arm-none-eabi/lib/armv6-m\libg_s.a(lib_a-fflush.o)
                0x00003dde                __sflush_r
 .text._fflush_r
                0x00003ef0       0x58 d:/freescale/kds/toolchain/bin/../lib/gcc/arm-none-eabi/4.8.4/../../../../arm-none-eabi/lib/armv6-m\libg_s.a(lib_a-fflush.o)
                0x00003ef0                _fflush_r
 .text._cleanup_r
                0x00003f48       0x34 d:/freescale/kds/toolchain/bin/../lib/gcc/arm-none-eabi/4.8.4/../../../../arm-none-eabi/lib/armv6-m\libg_s.a(lib_a-findfp.o)
                0x00003f48                _cleanup_r
 .text.std.isra.0
                0x00003f7c       0x48 d:/freescale/kds/toolchain/bin/../lib/gcc/arm-none-eabi/4.8.4/../../../../arm-none-eabi/lib/armv6-m\libg_s.a(lib_a-findfp.o)
 .text.__sfmoreglue
                0x00003fc4       0x2c d:/freescale/kds/toolchain/bin/../lib/gcc/arm-none-eabi/4.8.4/../../../../arm-none-eabi/lib/armv6-m\libg_s.a(lib_a-findfp.o)
                0x00003fc4                __sfmoreglue
 .text.__sinit  0x00003ff0       0x64 d:/freescale/kds/toolchain/bin/../lib/gcc/arm-none-eabi/4.8.4/../../../../arm-none-eabi/lib/armv6-m\libg_s.a(lib_a-findfp.o)
                0x00003ff0                __sinit
 .text.__sfp    0x00004054       0x7c d:/freescale/kds/toolchain/bin/../lib/gcc/arm-none-eabi/4.8.4/../../../../arm-none-eabi/lib/armv6-m\libg_s.a(lib_a-findfp.o)
                0x00004054                __sfp
 .text.__smakebuf_r
                0x000040d0       0xa0 d:/freescale/kds/toolchain/bin/../lib/gcc/arm-none-eabi/4.8.4/../../../../arm-none-eabi/lib/armv6-m\libg_s.a(lib_a-makebuf.o)
                0x000040d0                __smakebuf_r
 .text.memchr   0x00004170       0x16 d:/freescale/kds/toolchain/bin/../lib/gcc/arm-none-eabi/4.8.4/../../../../arm-none-eabi/lib/armv6-m\libg_s.a(lib_a-memchr-stub.o)
                0x00004170                memchr
 .text._raise_r
                0x00004186       0x56 d:/freescale/kds/toolchain/bin/../lib/gcc/arm-none-eabi/4.8.4/../../../../arm-none-eabi/lib/armv6-m\libg_s.a(lib_a-signal.o)
                0x00004186                _raise_r
 .text.raise    0x000041dc       0x14 d:/freescale/kds/toolchain/bin/../lib/gcc/arm-none-eabi/4.8.4/../../../../arm-none-eabi/lib/armv6-m\libg_s.a(lib_a-signal.o)
                0x000041dc                raise
 .text._kill_r  0x000041f0       0x24 d:/freescale/kds/toolchain/bin/../lib/gcc/arm-none-eabi/4.8.4/../../../../arm-none-eabi/lib/armv6-m\libg_s.a(lib_a-signalr.o)
                0x000041f0                _kill_r
 .text._getpid_r
                0x00004214        0x8 d:/freescale/kds/toolchain/bin/../lib/gcc/arm-none-eabi/4.8.4/../../../../arm-none-eabi/lib/armv6-m\libg_s.a(lib_a-signalr.o)
                0x00004214                _getpid_r
 .text.__sread  0x0000421c       0x28 d:/freescale/kds/toolchain/bin/../lib/gcc/arm-none-eabi/4.8.4/../../../../arm-none-eabi/lib/armv6-m\libg_s.a(lib_a-stdio.o)
                0x0000421c                __sread
 .text.__swrite
                0x00004244       0x38 d:/freescale/kds/toolchain/bin/../lib/gcc/arm-none-eabi/4.8.4/../../../../arm-none-eabi/lib/armv6-m\libg_s.a(lib_a-stdio.o)
                0x00004244                __swrite
 .text.__sseek  0x0000427c       0x2c d:/freescale/kds/toolchain/bin/../lib/gcc/arm-none-eabi/4.8.4/../../../../arm-none-eabi/lib/armv6-m\libg_s.a(lib_a-stdio.o)
                0x0000427c                __sseek
 .text.__sclose
                0x000042a8        0xc d:/freescale/kds/toolchain/bin/../lib/gcc/arm-none-eabi/4.8.4/../../../../arm-none-eabi/lib/armv6-m\libg_s.a(lib_a-stdio.o)
                0x000042a8                __sclose
 .text._write_r
                0x000042b4       0x28 d:/freescale/kds/toolchain/bin/../lib/gcc/arm-none-eabi/4.8.4/../../../../arm-none-eabi/lib/armv6-m\libg_s.a(lib_a-writer.o)
                0x000042b4                _write_r
 .text._close_r
                0x000042dc       0x24 d:/freescale/kds/toolchain/bin/../lib/gcc/arm-none-eabi/4.8.4/../../../../arm-none-eabi/lib/armv6-m\libg_s.a(lib_a-closer.o)
                0x000042dc                _close_r
 .text._fstat_r
                0x00004300       0x24 d:/freescale/kds/toolchain/bin/../lib/gcc/arm-none-eabi/4.8.4/../../../../arm-none-eabi/lib/armv6-m\libg_s.a(lib_a-fstatr.o)
                0x00004300                _fstat_r
 .text._isatty_r
                0x00004324       0x24 d:/freescale/kds/toolchain/bin/../lib/gcc/arm-none-eabi/4.8.4/../../../../arm-none-eabi/lib/armv6-m\libg_s.a(lib_a-isattyr.o)
                0x00004324                _isatty_r
 .text._lseek_r
                0x00004348       0x28 d:/freescale/kds/toolchain/bin/../lib/gcc/arm-none-eabi/4.8.4/../../../../arm-none-eabi/lib/armv6-m\libg_s.a(lib_a-lseekr.o)
                0x00004348                _lseek_r
 .text._read_r  0x00004370       0x28 d:/freescale/kds/toolchain/bin/../lib/gcc/arm-none-eabi/4.8.4/../../../../arm-none-eabi/lib/armv6-m\libg_s.a(lib_a-readr.o)
                0x00004370                _read_r
 .text._close   0x00004398       0x10 d:/freescale/kds/toolchain/bin/../lib/gcc/arm-none-eabi/4.8.4/../../../../arm-none-eabi/lib/armv6-m\libnosys.a(close.o)
                0x00004398                _close
 .text._fstat   0x000043a8       0x10 d:/freescale/kds/toolchain/bin/../lib/gcc/arm-none-eabi/4.8.4/../../../../arm-none-eabi/lib/armv6-m\libnosys.a(fstat.o)
                0x000043a8                _fstat
 .text._getpid  0x000043b8       0x10 d:/freescale/kds/toolchain/bin/../lib/gcc/arm-none-eabi/4.8.4/../../../../arm-none-eabi/lib/armv6-m\libnosys.a(getpid.o)
                0x000043b8                _getpid
 .text._isatty  0x000043c8       0x10 d:/freescale/kds/toolchain/bin/../lib/gcc/arm-none-eabi/4.8.4/../../../../arm-none-eabi/lib/armv6-m\libnosys.a(isatty.o)
                0x000043c8                _isatty
 .text._kill    0x000043d8       0x10 d:/freescale/kds/toolchain/bin/../lib/gcc/arm-none-eabi/4.8.4/../../../../arm-none-eabi/lib/armv6-m\libnosys.a(kill.o)
                0x000043d8                _kill
 .text._lseek   0x000043e8       0x10 d:/freescale/kds/toolchain/bin/../lib/gcc/arm-none-eabi/4.8.4/../../../../arm-none-eabi/lib/armv6-m\libnosys.a(lseek.o)
                0x000043e8                _lseek
 .text._sbrk    0x000043f8       0x34 d:/freescale/kds/toolchain/bin/../lib/gcc/arm-none-eabi/4.8.4/../../../../arm-none-eabi/lib/armv6-m\libnosys.a(sbrk.o)
                0x000043f8                _sbrk
 .text._exit    0x0000442c        0x4 d:/freescale/kds/toolchain/bin/../lib/gcc/arm-none-eabi/4.8.4/../../../../arm-none-eabi/lib/armv6-m\libnosys.a(_exit.o)
                0x0000442c                _exit
 *(.rodata)
 .rodata        0x00004430        0xc ./Sources/Sistema/fsl_debug_console.o
 .rodata        0x0000443c       0x44 ./Sources/Sistema/mcg_hal.o
 .rodata        0x00004480       0x44 ./Sources/Componentes/Serial/debugUart.o
 .rodata        0x000044c4       0x40 d:/freescale/kds/toolchain/bin/../lib/gcc/arm-none-eabi/4.8.4/armv6-m\libgcc.a(divsf3.o)
 .rodata        0x00004504       0x40 d:/freescale/kds/toolchain/bin/../lib/gcc/arm-none-eabi/4.8.4/armv6-m\libgcc.a(mulsf3.o)
 *(.rodata*)
 .rodata.g_defaultClockConfigRun
                0x00004544       0x14 ./Sources/Sistema/mcg_hal.o
                0x00004544                g_defaultClockConfigRun
 .rodata.__func__.5195
                0x00004558       0x14 ./Sources/Sistema/mcg_hal.o
 .rodata.__func__.6319
                0x0000456c       0x14 ./Sources/Componentes/Serial/debugUart.o
 .rodata.__func__.6554
                0x00004580       0x1a D:/Freescale/KSDK_1.2.0/lib/ksdk_platform_lib/kds/KL25Z4/debug/libksdk_platform.a(fsl_lptmr_driver.o)
 .rodata.__func__.6558
                0x0000459a       0x15 D:/Freescale/KSDK_1.2.0/lib/ksdk_platform_lib/kds/KL25Z4/debug/libksdk_platform.a(fsl_lptmr_driver.o)
 .rodata.str1.1
                0x000045af      0x11b D:/Freescale/KSDK_1.2.0/lib/ksdk_platform_lib/kds/KL25Z4/debug/libksdk_platform.a(fsl_lptmr_driver.o)
 .rodata.__func__.6506
                0x000046ca        0xf D:/Freescale/KSDK_1.2.0/lib/ksdk_platform_lib/kds/KL25Z4/debug/libksdk_platform.a(fsl_lptmr_driver.o)
 .rodata.__func__.5685
                0x000046d9       0x12 D:/Freescale/KSDK_1.2.0/lib/ksdk_platform_lib/kds/KL25Z4/debug/libksdk_platform.a(fsl_lptmr_driver.o)
 .rodata.__func__.5689
                0x000046eb       0x13 D:/Freescale/KSDK_1.2.0/lib/ksdk_platform_lib/kds/KL25Z4/debug/libksdk_platform.a(fsl_lptmr_driver.o)
 .rodata.__func__.6518
                0x000046fe       0x10 D:/Freescale/KSDK_1.2.0/lib/ksdk_platform_lib/kds/KL25Z4/debug/libksdk_platform.a(fsl_lptmr_driver.o)
 .rodata.__func__.6529
                0x0000470e       0x1b D:/Freescale/KSDK_1.2.0/lib/ksdk_platform_lib/kds/KL25Z4/debug/libksdk_platform.a(fsl_lptmr_driver.o)
 .rodata.__func__.6307
                0x00004729       0x1b D:/Freescale/KSDK_1.2.0/lib/ksdk_platform_lib/kds/KL25Z4/debug/libksdk_platform.a(fsl_clock_MKL25Z4.o)
 .rodata.uartGateTable
                0x00004744        0x3 D:/Freescale/KSDK_1.2.0/lib/ksdk_platform_lib/kds/KL25Z4/debug/libksdk_platform.a(fsl_clock_MKL25Z4.o)
 .rodata.__func__.6521
                0x00004747       0x1a D:/Freescale/KSDK_1.2.0/lib/ksdk_platform_lib/kds/KL25Z4/debug/libksdk_platform.a(fsl_clock_MKL25Z4.o)
 .rodata.portGateTable
                0x00004761        0x5 D:/Freescale/KSDK_1.2.0/lib/ksdk_platform_lib/kds/KL25Z4/debug/libksdk_platform.a(fsl_clock_MKL25Z4.o)
 .rodata.__func__.6516
                0x00004766       0x1b D:/Freescale/KSDK_1.2.0/lib/ksdk_platform_lib/kds/KL25Z4/debug/libksdk_platform.a(fsl_clock_MKL25Z4.o)
 .rodata.str1.1
                0x00004781      0x225 D:/Freescale/KSDK_1.2.0/lib/ksdk_platform_lib/kds/KL25Z4/debug/libksdk_platform.a(fsl_clock_MKL25Z4.o)
 .rodata.__func__.6443
                0x000049a6       0x1a D:/Freescale/KSDK_1.2.0/lib/ksdk_platform_lib/kds/KL25Z4/debug/libksdk_platform.a(fsl_clock_MKL25Z4.o)
 .rodata.__func__.6545
                0x000049c0       0x12 D:/Freescale/KSDK_1.2.0/lib/ksdk_platform_lib/kds/KL25Z4/debug/libksdk_platform.a(fsl_clock_manager.o)
 .rodata.__func__.6562
                0x000049d2       0x15 D:/Freescale/KSDK_1.2.0/lib/ksdk_platform_lib/kds/KL25Z4/debug/libksdk_platform.a(fsl_clock_manager.o)
 .rodata.str1.1
                0x000049e7       0xaf D:/Freescale/KSDK_1.2.0/lib/ksdk_platform_lib/kds/KL25Z4/debug/libksdk_platform.a(fsl_clock_manager.o)
 *fill*         0x00004a96        0x2 
 .rodata.g_oscBase
                0x00004a98        0x4 D:/Freescale/KSDK_1.2.0/lib/ksdk_platform_lib/kds/KL25Z4/debug/libksdk_platform.a(fsl_clock_manager_common.o)
                0x00004a98                g_oscBase
 .rodata.g_rtcBase
                0x00004a9c        0x4 D:/Freescale/KSDK_1.2.0/lib/ksdk_platform_lib/kds/KL25Z4/debug/libksdk_platform.a(fsl_rtc_common.o)
                0x00004a9c                g_rtcBase
 .rodata.fllFactorTable.5183
                0x00004aa0       0x10 D:/Freescale/KSDK_1.2.0/lib/ksdk_platform_lib/kds/KL25Z4/debug/libksdk_platform.a(fsl_mcg_hal.o)
 .rodata.g_lptmrBase
                0x00004ab0        0x4 D:/Freescale/KSDK_1.2.0/lib/ksdk_platform_lib/kds/KL25Z4/debug/libksdk_platform.a(fsl_lptmr_common.o)
                0x00004ab0                g_lptmrBase
 .rodata.g_lptmrIrqId
                0x00004ab4        0x1 D:/Freescale/KSDK_1.2.0/lib/ksdk_platform_lib/kds/KL25Z4/debug/libksdk_platform.a(fsl_lptmr_common.o)
                0x00004ab4                g_lptmrIrqId
 .rodata.str1.1
                0x00004ab5       0x3c d:/freescale/kds/toolchain/bin/../lib/gcc/arm-none-eabi/4.8.4/../../../../arm-none-eabi/lib/armv6-m\libg_s.a(lib_a-assert.o)
                                 0x3d (size before relaxing)
 .rodata.str1.1
                0x00004af1        0x2 d:/freescale/kds/toolchain/bin/../lib/gcc/arm-none-eabi/4.8.4/../../../../arm-none-eabi/lib/armv6-m\libg_s.a(lib_a-impure.o)
 *fill*         0x00004af3        0x1 
 .rodata._global_impure_ptr
                0x00004af4        0x4 d:/freescale/kds/toolchain/bin/../lib/gcc/arm-none-eabi/4.8.4/../../../../arm-none-eabi/lib/armv6-m\libg_s.a(lib_a-impure.o)
                0x00004af4                _global_impure_ptr
 .rodata.str1.1
                0x00004af8       0x11 d:/freescale/kds/toolchain/bin/../lib/gcc/arm-none-eabi/4.8.4/../../../../arm-none-eabi/lib/armv6-m\libg_s.a(lib_a-vfprintf.o)
 .rodata.str1.1
                0x00004b09       0x22 d:/freescale/kds/toolchain/bin/../lib/gcc/arm-none-eabi/4.8.4/../../../../arm-none-eabi/lib/armv6-m\libg_s.a(lib_a-vfprintf_i.o)
 *fill*         0x00004b2b        0x1 
 .rodata.__sf_fake_stdin
                0x00004b2c       0x20 d:/freescale/kds/toolchain/bin/../lib/gcc/arm-none-eabi/4.8.4/../../../../arm-none-eabi/lib/armv6-m\libg_s.a(lib_a-findfp.o)
                0x00004b2c                __sf_fake_stdin
 .rodata.__sf_fake_stdout
                0x00004b4c       0x20 d:/freescale/kds/toolchain/bin/../lib/gcc/arm-none-eabi/4.8.4/../../../../arm-none-eabi/lib/armv6-m\libg_s.a(lib_a-findfp.o)
                0x00004b4c                __sf_fake_stdout
 .rodata.__sf_fake_stderr
                0x00004b6c       0x20 d:/freescale/kds/toolchain/bin/../lib/gcc/arm-none-eabi/4.8.4/../../../../arm-none-eabi/lib/armv6-m\libg_s.a(lib_a-findfp.o)
                0x00004b6c                __sf_fake_stderr
 *(.glue_7)
 .glue_7        0x00000000        0x0 linker stubs
 *(.glue_7t)
 .glue_7t       0x00000000        0x0 linker stubs
 *(.eh_frame)
 .eh_frame      0x00004b8c        0x0 d:/freescale/kds/toolchain/bin/../lib/gcc/arm-none-eabi/4.8.4/armv6-m/crtbegin.o
 *(.init)
 .init          0x00004b8c        0x4 d:/freescale/kds/toolchain/bin/../lib/gcc/arm-none-eabi/4.8.4/armv6-m/crti.o
                0x00004b8c                _init
 .init          0x00004b90        0x8 d:/freescale/kds/toolchain/bin/../lib/gcc/arm-none-eabi/4.8.4/armv6-m/crtn.o
 *(.fini)
 .fini          0x00004b98        0x4 d:/freescale/kds/toolchain/bin/../lib/gcc/arm-none-eabi/4.8.4/armv6-m/crti.o
                0x00004b98                _fini
 .fini          0x00004b9c        0x8 d:/freescale/kds/toolchain/bin/../lib/gcc/arm-none-eabi/4.8.4/armv6-m/crtn.o
                0x00004ba4                . = ALIGN (0x4)

.vfp11_veneer   0x00004ba4        0x0
 .vfp11_veneer  0x00000000        0x0 linker stubs

.v4_bx          0x00004ba4        0x0
 .v4_bx         0x00000000        0x0 linker stubs

.iplt           0x00004ba4        0x0
 .iplt          0x00000000        0x0 d:/freescale/kds/toolchain/bin/../lib/gcc/arm-none-eabi/4.8.4/armv6-m/crtbegin.o

.ARM.extab
 *(.ARM.extab* .gnu.linkonce.armextab.*)

.ARM            0x00004ba4        0x8
                0x00004ba4                __exidx_start = .
 *(.ARM.exidx*)
 .ARM.exidx     0x00004ba4        0x8 d:/freescale/kds/toolchain/bin/../lib/gcc/arm-none-eabi/4.8.4/../../../../arm-none-eabi/lib/armv6-m/crt0.o
                0x00004bac                __exidx_end = .

.rel.dyn        0x00004bac        0x0
 .rel.iplt      0x00000000        0x0 d:/freescale/kds/toolchain/bin/../lib/gcc/arm-none-eabi/4.8.4/armv6-m/crtbegin.o

.ctors          0x00004bac        0x0
                0x00004bac                __CTOR_LIST__ = .
 *crtbegin.o(.ctors)
 *crtbegin?.o(.ctors)
 *(EXCLUDE_FILE(*crtend.o *crtend?.o) .ctors)
 *(SORT(.ctors.*))
 *(.ctors)
                0x00004bac                __CTOR_END__ = .

.dtors          0x00004bac        0x0
                0x00004bac                __DTOR_LIST__ = .
 *crtbegin.o(.dtors)
 *crtbegin?.o(.dtors)
 *(EXCLUDE_FILE(*crtend.o *crtend?.o) .dtors)
 *(SORT(.dtors.*))
 *(.dtors)
                0x00004bac                __DTOR_END__ = .

.preinit_array  0x00004bac        0x0
                0x00004bac                PROVIDE (__preinit_array_start, .)
 *(.preinit_array*)
                0x00004bac                PROVIDE (__preinit_array_end, .)

.init_array     0x00004bac        0x4
                0x00004bac                PROVIDE (__init_array_start, .)
 *(SORT(.init_array.*))
 *(.init_array*)
 .init_array    0x00004bac        0x4 d:/freescale/kds/toolchain/bin/../lib/gcc/arm-none-eabi/4.8.4/armv6-m/crtbegin.o
                0x00004bb0                PROVIDE (__init_array_end, .)

.fini_array     0x00004bb0        0x4
                0x00004bb0                PROVIDE (__fini_array_start, .)
 *(SORT(.fini_array.*))
 *(.fini_array*)
 .fini_array    0x00004bb0        0x4 d:/freescale/kds/toolchain/bin/../lib/gcc/arm-none-eabi/4.8.4/armv6-m/crtbegin.o
                0x00004bb4                PROVIDE (__fini_array_end, .)
                0x00004bb4                __etext = .
                0x00004bb4                __DATA_ROM = .

.mtb            0x1ffff000        0x0
                0x1ffff000                . = ALIGN (0x8)
                0x1ffff000                _mtb_start = .
 *(.mtb_buf)
                0x1ffff000                . = ALIGN (0x8)
                0x1ffff000                _mtb_end = .

.interrupts_ram
                0x1ffff000        0x0
                0x1ffff000                . = ALIGN (0x4)
                0x1ffff000                __VECTOR_RAM__ = .
                0x1ffff000                __interrupts_ram_start__ = .
 *(.m_interrupts_ram)
                0x1ffff000                . = (. + M_VECTOR_RAM_SIZE)
                0x1ffff000                . = ALIGN (0x4)
                0x1ffff000                __interrupts_ram_end__ = .
                0x00000000                __VECTOR_RAM = DEFINED (__ram_vector_table__)?__VECTOR_RAM__:ORIGIN (m_interrupts)
                0x00000000                __RAM_VECTOR_TABLE_SIZE_BYTES = DEFINED (__ram_vector_table__)?(__interrupts_ram_end__ - __interrupts_ram_start__):0x0

.data           0x1ffff000       0x7c load address 0x00004bb4
                0x1ffff000                . = ALIGN (0x4)
                0x1ffff000                __DATA_RAM = .
                0x1ffff000                __data_start__ = .
 *(.data)
 *(.data*)
 .data.lptmrConfig
                0x1ffff000        0x8 ./Sources/Componentes/Timers/tc_hal.o
                0x1ffff000                lptmrConfig
 .data.SystemCoreClock
                0x1ffff008        0x4 ./Project_Settings/Startup_Code/system_MKL25Z4.o
                0x1ffff008                SystemCoreClock
 .data.g_slowInternalRefClkFreq
                0x1ffff00c        0x4 D:/Freescale/KSDK_1.2.0/lib/ksdk_platform_lib/kds/KL25Z4/debug/libksdk_platform.a(fsl_mcg_hal.o)
                0x1ffff00c                g_slowInternalRefClkFreq
 .data.g_fastInternalRefClkFreq
                0x1ffff010        0x4 D:/Freescale/KSDK_1.2.0/lib/ksdk_platform_lib/kds/KL25Z4/debug/libksdk_platform.a(fsl_mcg_hal.o)
                0x1ffff010                g_fastInternalRefClkFreq
 .data.impure_data
                0x1ffff014       0x60 d:/freescale/kds/toolchain/bin/../lib/gcc/arm-none-eabi/4.8.4/../../../../arm-none-eabi/lib/armv6-m\libg_s.a(lib_a-impure.o)
 .data._impure_ptr
                0x1ffff074        0x4 d:/freescale/kds/toolchain/bin/../lib/gcc/arm-none-eabi/4.8.4/../../../../arm-none-eabi/lib/armv6-m\libg_s.a(lib_a-impure.o)
                0x1ffff074                _impure_ptr
 *(.jcr*)
 .jcr           0x1ffff078        0x0 d:/freescale/kds/toolchain/bin/../lib/gcc/arm-none-eabi/4.8.4/armv6-m/crtbegin.o
 .jcr           0x1ffff078        0x4 d:/freescale/kds/toolchain/bin/../lib/gcc/arm-none-eabi/4.8.4/armv6-m/crtend.o
                0x1ffff07c                . = ALIGN (0x4)
                0x1ffff07c                __data_end__ = .
                0x00004c30                __DATA_END = (__DATA_ROM + (__data_end__ - __data_start__))

.igot.plt       0x1ffff07c        0x0 load address 0x00004c30
 .igot.plt      0x00000000        0x0 d:/freescale/kds/toolchain/bin/../lib/gcc/arm-none-eabi/4.8.4/armv6-m/crtbegin.o

.bss            0x1ffff07c       0x54 load address 0x00004c30
                0x1ffff07c                . = ALIGN (0x4)
                0x1ffff07c                __START_BSS = .
                0x1ffff07c                __bss_start__ = .
 *(.bss)
 .bss           0x1ffff07c       0x1c d:/freescale/kds/toolchain/bin/../lib/gcc/arm-none-eabi/4.8.4/armv6-m/crtbegin.o
 *(.bss*)
 .bss.s_debugConsole
                0x1ffff098       0x10 ./Sources/Sistema/fsl_debug_console.o
 .bss.uiFlagNextPeriod
                0x1ffff0a8        0x4 ./Sources/Main/main.o
                0x1ffff0a8                uiFlagNextPeriod
 .bss.lptmr_state_ptrs
                0x1ffff0ac        0x4 D:/Freescale/KSDK_1.2.0/lib/ksdk_platform_lib/kds/KL25Z4/debug/libksdk_platform.a(fsl_lptmr_driver.o)
 .bss.g_xtal0ClkFreq
                0x1ffff0b0        0x4 D:/Freescale/KSDK_1.2.0/lib/ksdk_platform_lib/kds/KL25Z4/debug/libksdk_platform.a(fsl_mcg_hal.o)
                0x1ffff0b0                g_xtal0ClkFreq
 .bss.g_xtalRtcClkFreq
                0x1ffff0b4        0x4 D:/Freescale/KSDK_1.2.0/lib/ksdk_platform_lib/kds/KL25Z4/debug/libksdk_platform.a(fsl_mcg_hal.o)
                0x1ffff0b4                g_xtalRtcClkFreq
 .bss.__malloc_sbrk_start
                0x1ffff0b8        0x4 d:/freescale/kds/toolchain/bin/../lib/gcc/arm-none-eabi/4.8.4/../../../../arm-none-eabi/lib/armv6-m\libg_s.a(lib_a-nano-mallocr.o)
                0x1ffff0b8                __malloc_sbrk_start
 .bss.__malloc_free_list
                0x1ffff0bc        0x4 d:/freescale/kds/toolchain/bin/../lib/gcc/arm-none-eabi/4.8.4/../../../../arm-none-eabi/lib/armv6-m\libg_s.a(lib_a-nano-mallocr.o)
                0x1ffff0bc                __malloc_free_list
 .bss.heap_end.4246
                0x1ffff0c0        0x4 d:/freescale/kds/toolchain/bin/../lib/gcc/arm-none-eabi/4.8.4/../../../../arm-none-eabi/lib/armv6-m\libnosys.a(sbrk.o)
 *(COMMON)
 COMMON         0x1ffff0c4        0x8 ./Sources/Componentes/Timers/tc_hal.o
                0x1ffff0c4                lptmrState
 COMMON         0x1ffff0cc        0x4 d:/freescale/kds/toolchain/bin/../lib/gcc/arm-none-eabi/4.8.4/../../../../arm-none-eabi/lib/armv6-m\libg_s.a(lib_a-reent.o)
                0x1ffff0cc                errno
                0x1ffff0d0                . = ALIGN (0x4)
                0x1ffff0d0                __bss_end__ = .
                0x1ffff0d0                __END_BSS = .

.heap           0x1ffff0d0      0x400 load address 0x00004c84
                0x1ffff0d0                . = ALIGN (0x8)
                0x1ffff0d0                __end__ = .
                0x1ffff0d0                PROVIDE (end, .)
                0x1ffff0d0                __HeapBase = .
                0x1ffff4d0                . = (. + HEAP_SIZE)
 *fill*         0x1ffff0d0      0x400 
                0x1ffff4d0                __HeapLimit = .

.stack          0x1ffff4d0      0x400 load address 0x00005084
                0x1ffff4d0                . = ALIGN (0x8)
                0x1ffff8d0                . = (. + STACK_SIZE)
 *fill*         0x1ffff4d0      0x400 
                0x20003000                __StackTop = (ORIGIN (m_data) + 0x4000)
                0x20002c00                __StackLimit = (__StackTop - STACK_SIZE)
                0x20003000                PROVIDE (__stack, __StackTop)

.ARM.attributes
                0x00000000       0x28
 *(.ARM.attributes)
 .ARM.attributes
                0x00000000       0x1e d:/freescale/kds/toolchain/bin/../lib/gcc/arm-none-eabi/4.8.4/armv6-m/crti.o
 .ARM.attributes
                0x0000001e       0x2c d:/freescale/kds/toolchain/bin/../lib/gcc/arm-none-eabi/4.8.4/armv6-m/crtbegin.o
 .ARM.attributes
                0x0000004a       0x1b d:/freescale/kds/toolchain/bin/../lib/gcc/arm-none-eabi/4.8.4/../../../../arm-none-eabi/lib/armv6-m/crt0.o
 .ARM.attributes
                0x00000065       0x32 ./Sources/Util/util.o
 .ARM.attributes
                0x00000097       0x32 ./Sources/Sistema/fsl_debug_console.o
 .ARM.attributes
                0x000000c9       0x32 ./Sources/Sistema/mcg_hal.o
 .ARM.attributes
                0x000000fb       0x32 ./Sources/Main/main.o
 .ARM.attributes
                0x0000012d       0x32 ./Sources/Factory/command_factory.o
 .ARM.attributes
                0x0000015f       0x32 ./Sources/Componentes/Timers/tc_hal.o
 .ARM.attributes
                0x00000191       0x32 ./Sources/Componentes/TSI/tsi_hal.o
 .ARM.attributes
                0x000001c3       0x32 ./Sources/Componentes/Switch_and_Button/switch_hal.o
 .ARM.attributes
                0x000001f5       0x32 ./Sources/Componentes/Serial/debugUart.o
 .ARM.attributes
                0x00000227       0x32 ./Sources/Componentes/Serial/serial_hal.o
 .ARM.attributes
                0x00000259       0x32 ./Sources/Componentes/LCD/lcd_hal.o
 .ARM.attributes
                0x0000028b       0x32 ./Sources/Componentes/Bluetooth/uart1.o
 .ARM.attributes
                0x000002bd       0x32 ./Sources/Componentes/Acelerometro/acelerometro.o
 .ARM.attributes
                0x000002ef       0x32 ./Sources/Componentes/Acelerometro/i2c0.o
 .ARM.attributes
                0x00000321       0x32 ./Project_Settings/Startup_Code/startup.o
 .ARM.attributes
                0x00000353       0x1b ./Project_Settings/Startup_Code/startup_MKL25Z4.o
 .ARM.attributes
                0x0000036e       0x32 ./Project_Settings/Startup_Code/system_MKL25Z4.o
 .ARM.attributes
                0x000003a0       0x32 D:/Freescale/KSDK_1.2.0/lib/ksdk_platform_lib/kds/KL25Z4/debug/libksdk_platform.a(fsl_uart_hal.o)
 .ARM.attributes
                0x000003d2       0x32 D:/Freescale/KSDK_1.2.0/lib/ksdk_platform_lib/kds/KL25Z4/debug/libksdk_platform.a(fsl_lptmr_driver.o)
 .ARM.attributes
                0x00000404       0x32 D:/Freescale/KSDK_1.2.0/lib/ksdk_platform_lib/kds/KL25Z4/debug/libksdk_platform.a(fsl_lpsci_hal.o)
 .ARM.attributes
                0x00000436       0x32 D:/Freescale/KSDK_1.2.0/lib/ksdk_platform_lib/kds/KL25Z4/debug/libksdk_platform.a(fsl_clock_MKL25Z4.o)
 .ARM.attributes
                0x00000468       0x32 D:/Freescale/KSDK_1.2.0/lib/ksdk_platform_lib/kds/KL25Z4/debug/libksdk_platform.a(fsl_clock_manager.o)
 .ARM.attributes
                0x0000049a       0x32 D:/Freescale/KSDK_1.2.0/lib/ksdk_platform_lib/kds/KL25Z4/debug/libksdk_platform.a(fsl_clock_manager_common.o)
 .ARM.attributes
                0x000004cc       0x32 D:/Freescale/KSDK_1.2.0/lib/ksdk_platform_lib/kds/KL25Z4/debug/libksdk_platform.a(fsl_sim_hal_MKL25Z4.o)
 .ARM.attributes
                0x000004fe       0x32 D:/Freescale/KSDK_1.2.0/lib/ksdk_platform_lib/kds/KL25Z4/debug/libksdk_platform.a(fsl_rtc_common.o)
 .ARM.attributes
                0x00000530       0x32 D:/Freescale/KSDK_1.2.0/lib/ksdk_platform_lib/kds/KL25Z4/debug/libksdk_platform.a(fsl_osc_hal.o)
 .ARM.attributes
                0x00000562       0x32 D:/Freescale/KSDK_1.2.0/lib/ksdk_platform_lib/kds/KL25Z4/debug/libksdk_platform.a(fsl_mcg_hal.o)
 .ARM.attributes
                0x00000594       0x32 D:/Freescale/KSDK_1.2.0/lib/ksdk_platform_lib/kds/KL25Z4/debug/libksdk_platform.a(fsl_mcg_hal_modes.o)
 .ARM.attributes
                0x000005c6       0x32 D:/Freescale/KSDK_1.2.0/lib/ksdk_platform_lib/kds/KL25Z4/debug/libksdk_platform.a(fsl_lptmr_hal.o)
 .ARM.attributes
                0x000005f8       0x32 D:/Freescale/KSDK_1.2.0/lib/ksdk_platform_lib/kds/KL25Z4/debug/libksdk_platform.a(fsl_lptmr_common.o)
 .ARM.attributes
                0x0000062a       0x1e d:/freescale/kds/toolchain/bin/../lib/gcc/arm-none-eabi/4.8.4/armv6-m\libgcc.a(_thumb1_case_uqi.o)
 .ARM.attributes
                0x00000648       0x1e d:/freescale/kds/toolchain/bin/../lib/gcc/arm-none-eabi/4.8.4/armv6-m\libgcc.a(_udivsi3.o)
 .ARM.attributes
                0x00000666       0x1e d:/freescale/kds/toolchain/bin/../lib/gcc/arm-none-eabi/4.8.4/armv6-m\libgcc.a(_divsi3.o)
 .ARM.attributes
                0x00000684       0x1e d:/freescale/kds/toolchain/bin/../lib/gcc/arm-none-eabi/4.8.4/armv6-m\libgcc.a(_dvmd_tls.o)
 .ARM.attributes
                0x000006a2       0x2c d:/freescale/kds/toolchain/bin/../lib/gcc/arm-none-eabi/4.8.4/armv6-m\libgcc.a(divsf3.o)
 .ARM.attributes
                0x000006ce       0x2c d:/freescale/kds/toolchain/bin/../lib/gcc/arm-none-eabi/4.8.4/armv6-m\libgcc.a(mulsf3.o)
 .ARM.attributes
                0x000006fa       0x2c d:/freescale/kds/toolchain/bin/../lib/gcc/arm-none-eabi/4.8.4/armv6-m\libgcc.a(subsf3.o)
 .ARM.attributes
                0x00000726       0x2c d:/freescale/kds/toolchain/bin/../lib/gcc/arm-none-eabi/4.8.4/armv6-m\libgcc.a(fixsfsi.o)
 .ARM.attributes
                0x00000752       0x2c d:/freescale/kds/toolchain/bin/../lib/gcc/arm-none-eabi/4.8.4/armv6-m\libgcc.a(floatsisf.o)
 .ARM.attributes
                0x0000077e       0x1e d:/freescale/kds/toolchain/bin/../lib/gcc/arm-none-eabi/4.8.4/armv6-m\libgcc.a(_clzsi2.o)
 .ARM.attributes
                0x0000079c       0x2c d:/freescale/kds/toolchain/bin/../lib/gcc/arm-none-eabi/4.8.4/../../../../arm-none-eabi/lib/armv6-m\libg_s.a(lib_a-assert.o)
 .ARM.attributes
                0x000007c8       0x2c d:/freescale/kds/toolchain/bin/../lib/gcc/arm-none-eabi/4.8.4/../../../../arm-none-eabi/lib/armv6-m\libg_s.a(lib_a-exit.o)
 .ARM.attributes
                0x000007f4       0x2c d:/freescale/kds/toolchain/bin/../lib/gcc/arm-none-eabi/4.8.4/../../../../arm-none-eabi/lib/armv6-m\libg_s.a(lib_a-fprintf.o)
 .ARM.attributes
                0x00000820       0x2c d:/freescale/kds/toolchain/bin/../lib/gcc/arm-none-eabi/4.8.4/../../../../arm-none-eabi/lib/armv6-m\libg_s.a(lib_a-impure.o)
 .ARM.attributes
                0x0000084c       0x2c d:/freescale/kds/toolchain/bin/../lib/gcc/arm-none-eabi/4.8.4/../../../../arm-none-eabi/lib/armv6-m\libg_s.a(lib_a-init.o)
 .ARM.attributes
                0x00000878       0x2c d:/freescale/kds/toolchain/bin/../lib/gcc/arm-none-eabi/4.8.4/../../../../arm-none-eabi/lib/armv6-m\libg_s.a(lib_a-memset.o)
 .ARM.attributes
                0x000008a4       0x2c d:/freescale/kds/toolchain/bin/../lib/gcc/arm-none-eabi/4.8.4/../../../../arm-none-eabi/lib/armv6-m\libg_s.a(lib_a-nano-freer.o)
 .ARM.attributes
                0x000008d0       0x2c d:/freescale/kds/toolchain/bin/../lib/gcc/arm-none-eabi/4.8.4/../../../../arm-none-eabi/lib/armv6-m\libg_s.a(lib_a-nano-mallocr.o)
 .ARM.attributes
                0x000008fc       0x2c d:/freescale/kds/toolchain/bin/../lib/gcc/arm-none-eabi/4.8.4/../../../../arm-none-eabi/lib/armv6-m\libg_s.a(lib_a-sbrkr.o)
 .ARM.attributes
                0x00000928       0x2c d:/freescale/kds/toolchain/bin/../lib/gcc/arm-none-eabi/4.8.4/../../../../arm-none-eabi/lib/armv6-m\libg_s.a(lib_a-strlen.o)
 .ARM.attributes
                0x00000954       0x2c d:/freescale/kds/toolchain/bin/../lib/gcc/arm-none-eabi/4.8.4/../../../../arm-none-eabi/lib/armv6-m\libg_s.a(lib_a-vfprintf.o)
 .ARM.attributes
                0x00000980       0x2c d:/freescale/kds/toolchain/bin/../lib/gcc/arm-none-eabi/4.8.4/../../../../arm-none-eabi/lib/armv6-m\libg_s.a(lib_a-vfprintf_i.o)
 .ARM.attributes
                0x000009ac       0x2c d:/freescale/kds/toolchain/bin/../lib/gcc/arm-none-eabi/4.8.4/../../../../arm-none-eabi/lib/armv6-m\libg_s.a(lib_a-wbuf.o)
 .ARM.attributes
                0x000009d8       0x2c d:/freescale/kds/toolchain/bin/../lib/gcc/arm-none-eabi/4.8.4/../../../../arm-none-eabi/lib/armv6-m\libg_s.a(lib_a-wsetup.o)
 .ARM.attributes
                0x00000a04       0x2c d:/freescale/kds/toolchain/bin/../lib/gcc/arm-none-eabi/4.8.4/../../../../arm-none-eabi/lib/armv6-m\libg_s.a(lib_a-abort.o)
 .ARM.attributes
                0x00000a30       0x2c d:/freescale/kds/toolchain/bin/../lib/gcc/arm-none-eabi/4.8.4/../../../../arm-none-eabi/lib/armv6-m\libg_s.a(lib_a-fflush.o)
 .ARM.attributes
                0x00000a5c       0x2c d:/freescale/kds/toolchain/bin/../lib/gcc/arm-none-eabi/4.8.4/../../../../arm-none-eabi/lib/armv6-m\libg_s.a(lib_a-findfp.o)
 .ARM.attributes
                0x00000a88       0x2c d:/freescale/kds/toolchain/bin/../lib/gcc/arm-none-eabi/4.8.4/../../../../arm-none-eabi/lib/armv6-m\libg_s.a(lib_a-makebuf.o)
 .ARM.attributes
                0x00000ab4       0x2c d:/freescale/kds/toolchain/bin/../lib/gcc/arm-none-eabi/4.8.4/../../../../arm-none-eabi/lib/armv6-m\libg_s.a(lib_a-memchr-stub.o)
 .ARM.attributes
                0x00000ae0       0x2c d:/freescale/kds/toolchain/bin/../lib/gcc/arm-none-eabi/4.8.4/../../../../arm-none-eabi/lib/armv6-m\libg_s.a(lib_a-reent.o)
 .ARM.attributes
                0x00000b0c       0x2c d:/freescale/kds/toolchain/bin/../lib/gcc/arm-none-eabi/4.8.4/../../../../arm-none-eabi/lib/armv6-m\libg_s.a(lib_a-signal.o)
 .ARM.attributes
                0x00000b38       0x2c d:/freescale/kds/toolchain/bin/../lib/gcc/arm-none-eabi/4.8.4/../../../../arm-none-eabi/lib/armv6-m\libg_s.a(lib_a-signalr.o)
 .ARM.attributes
                0x00000b64       0x2c d:/freescale/kds/toolchain/bin/../lib/gcc/arm-none-eabi/4.8.4/../../../../arm-none-eabi/lib/armv6-m\libg_s.a(lib_a-stdio.o)
 .ARM.attributes
                0x00000b90       0x2c d:/freescale/kds/toolchain/bin/../lib/gcc/arm-none-eabi/4.8.4/../../../../arm-none-eabi/lib/armv6-m\libg_s.a(lib_a-writer.o)
 .ARM.attributes
                0x00000bbc       0x2c d:/freescale/kds/toolchain/bin/../lib/gcc/arm-none-eabi/4.8.4/../../../../arm-none-eabi/lib/armv6-m\libg_s.a(lib_a-closer.o)
 .ARM.attributes
                0x00000be8       0x2c d:/freescale/kds/toolchain/bin/../lib/gcc/arm-none-eabi/4.8.4/../../../../arm-none-eabi/lib/armv6-m\libg_s.a(lib_a-fstatr.o)
 .ARM.attributes
                0x00000c14       0x2c d:/freescale/kds/toolchain/bin/../lib/gcc/arm-none-eabi/4.8.4/../../../../arm-none-eabi/lib/armv6-m\libg_s.a(lib_a-isattyr.o)
 .ARM.attributes
                0x00000c40       0x2c d:/freescale/kds/toolchain/bin/../lib/gcc/arm-none-eabi/4.8.4/../../../../arm-none-eabi/lib/armv6-m\libg_s.a(lib_a-lseekr.o)
 .ARM.attributes
                0x00000c6c       0x2c d:/freescale/kds/toolchain/bin/../lib/gcc/arm-none-eabi/4.8.4/../../../../arm-none-eabi/lib/armv6-m\libg_s.a(lib_a-readr.o)
 .ARM.attributes
                0x00000c98       0x2c d:/freescale/kds/toolchain/bin/../lib/gcc/arm-none-eabi/4.8.4/../../../../arm-none-eabi/lib/armv6-m\libnosys.a(close.o)
 .ARM.attributes
                0x00000cc4       0x2c d:/freescale/kds/toolchain/bin/../lib/gcc/arm-none-eabi/4.8.4/../../../../arm-none-eabi/lib/armv6-m\libnosys.a(fstat.o)
 .ARM.attributes
                0x00000cf0       0x2c d:/freescale/kds/toolchain/bin/../lib/gcc/arm-none-eabi/4.8.4/../../../../arm-none-eabi/lib/armv6-m\libnosys.a(getpid.o)
 .ARM.attributes
                0x00000d1c       0x2c d:/freescale/kds/toolchain/bin/../lib/gcc/arm-none-eabi/4.8.4/../../../../arm-none-eabi/lib/armv6-m\libnosys.a(isatty.o)
 .ARM.attributes
                0x00000d48       0x2c d:/freescale/kds/toolchain/bin/../lib/gcc/arm-none-eabi/4.8.4/../../../../arm-none-eabi/lib/armv6-m\libnosys.a(kill.o)
 .ARM.attributes
                0x00000d74       0x2c d:/freescale/kds/toolchain/bin/../lib/gcc/arm-none-eabi/4.8.4/../../../../arm-none-eabi/lib/armv6-m\libnosys.a(lseek.o)
 .ARM.attributes
                0x00000da0       0x2c d:/freescale/kds/toolchain/bin/../lib/gcc/arm-none-eabi/4.8.4/../../../../arm-none-eabi/lib/armv6-m\libnosys.a(sbrk.o)
 .ARM.attributes
                0x00000dcc       0x2c d:/freescale/kds/toolchain/bin/../lib/gcc/arm-none-eabi/4.8.4/../../../../arm-none-eabi/lib/armv6-m\libnosys.a(_exit.o)
 .ARM.attributes
                0x00000df8       0x2c d:/freescale/kds/toolchain/bin/../lib/gcc/arm-none-eabi/4.8.4/armv6-m/crtend.o
 .ARM.attributes
                0x00000e24       0x1e d:/freescale/kds/toolchain/bin/../lib/gcc/arm-none-eabi/4.8.4/armv6-m/crtn.o
                0x00000001                ASSERT ((__StackLimit >= __HeapLimit), region m_data overflowed with stack and heap)
OUTPUT(Projeto_Shalom.elf elf32-littlearm)

.debug_info     0x00000000     0xe23c
 .debug_info    0x00000000       0x97 ./Sources/Util/util.o
 .debug_info    0x00000097      0xa71 ./Sources/Sistema/fsl_debug_console.o
 .debug_info    0x00000b08      0x786 ./Sources/Sistema/mcg_hal.o
 .debug_info    0x0000128e      0x192 ./Sources/Main/main.o
 .debug_info    0x00001420       0xe0 ./Sources/Factory/command_factory.o
 .debug_info    0x00001500      0x5ec ./Sources/Componentes/Timers/tc_hal.o
 .debug_info    0x00001aec      0x317 ./Sources/Componentes/TSI/tsi_hal.o
 .debug_info    0x00001e03      0x3c8 ./Sources/Componentes/Switch_and_Button/switch_hal.o
 .debug_info    0x000021cb      0x4ff ./Sources/Componentes/Serial/debugUart.o
 .debug_info    0x000026ca      0x1f4 ./Sources/Componentes/Serial/serial_hal.o
 .debug_info    0x000028be      0x319 ./Sources/Componentes/LCD/lcd_hal.o
 .debug_info    0x00002bd7      0x4a9 ./Sources/Componentes/Bluetooth/uart1.o
 .debug_info    0x00003080      0x44e ./Sources/Componentes/Acelerometro/acelerometro.o
 .debug_info    0x000034ce      0x58e ./Sources/Componentes/Acelerometro/i2c0.o
 .debug_info    0x00003a5c      0x296 ./Project_Settings/Startup_Code/startup.o
 .debug_info    0x00003cf2       0x7d ./Project_Settings/Startup_Code/startup_MKL25Z4.o
 .debug_info    0x00003d6f      0x3f4 ./Project_Settings/Startup_Code/system_MKL25Z4.o
 .debug_info    0x00004163      0x934 D:/Freescale/KSDK_1.2.0/lib/ksdk_platform_lib/kds/KL25Z4/debug/libksdk_platform.a(fsl_uart_hal.o)
 .debug_info    0x00004a97     0x151f D:/Freescale/KSDK_1.2.0/lib/ksdk_platform_lib/kds/KL25Z4/debug/libksdk_platform.a(fsl_lptmr_driver.o)
 .debug_info    0x00005fb6      0x9e2 D:/Freescale/KSDK_1.2.0/lib/ksdk_platform_lib/kds/KL25Z4/debug/libksdk_platform.a(fsl_lpsci_hal.o)
 .debug_info    0x00006998     0x2546 D:/Freescale/KSDK_1.2.0/lib/ksdk_platform_lib/kds/KL25Z4/debug/libksdk_platform.a(fsl_clock_MKL25Z4.o)
 .debug_info    0x00008ede     0x1c57 D:/Freescale/KSDK_1.2.0/lib/ksdk_platform_lib/kds/KL25Z4/debug/libksdk_platform.a(fsl_clock_manager.o)
 .debug_info    0x0000ab35      0x448 D:/Freescale/KSDK_1.2.0/lib/ksdk_platform_lib/kds/KL25Z4/debug/libksdk_platform.a(fsl_clock_manager_common.o)
 .debug_info    0x0000af7d      0xbe0 D:/Freescale/KSDK_1.2.0/lib/ksdk_platform_lib/kds/KL25Z4/debug/libksdk_platform.a(fsl_sim_hal_MKL25Z4.o)
 .debug_info    0x0000bb5d      0x262 D:/Freescale/KSDK_1.2.0/lib/ksdk_platform_lib/kds/KL25Z4/debug/libksdk_platform.a(fsl_rtc_common.o)
 .debug_info    0x0000bdbf       0xef D:/Freescale/KSDK_1.2.0/lib/ksdk_platform_lib/kds/KL25Z4/debug/libksdk_platform.a(fsl_osc_hal.o)
 .debug_info    0x0000beae      0xd33 D:/Freescale/KSDK_1.2.0/lib/ksdk_platform_lib/kds/KL25Z4/debug/libksdk_platform.a(fsl_mcg_hal.o)
 .debug_info    0x0000cbe1      0xf3a D:/Freescale/KSDK_1.2.0/lib/ksdk_platform_lib/kds/KL25Z4/debug/libksdk_platform.a(fsl_mcg_hal_modes.o)
 .debug_info    0x0000db1b      0x506 D:/Freescale/KSDK_1.2.0/lib/ksdk_platform_lib/kds/KL25Z4/debug/libksdk_platform.a(fsl_lptmr_hal.o)
 .debug_info    0x0000e021      0x21b D:/Freescale/KSDK_1.2.0/lib/ksdk_platform_lib/kds/KL25Z4/debug/libksdk_platform.a(fsl_lptmr_common.o)

.debug_abbrev   0x00000000     0x2f7a
 .debug_abbrev  0x00000000       0x7d ./Sources/Util/util.o
 .debug_abbrev  0x0000007d      0x23a ./Sources/Sistema/fsl_debug_console.o
 .debug_abbrev  0x000002b7      0x1b6 ./Sources/Sistema/mcg_hal.o
 .debug_abbrev  0x0000046d       0xfe ./Sources/Main/main.o
 .debug_abbrev  0x0000056b       0x8f ./Sources/Factory/command_factory.o
 .debug_abbrev  0x000005fa      0x17e ./Sources/Componentes/Timers/tc_hal.o
 .debug_abbrev  0x00000778       0xeb ./Sources/Componentes/TSI/tsi_hal.o
 .debug_abbrev  0x00000863      0x10e ./Sources/Componentes/Switch_and_Button/switch_hal.o
 .debug_abbrev  0x00000971      0x183 ./Sources/Componentes/Serial/debugUart.o
 .debug_abbrev  0x00000af4       0xec ./Sources/Componentes/Serial/serial_hal.o
 .debug_abbrev  0x00000be0      0x114 ./Sources/Componentes/LCD/lcd_hal.o
 .debug_abbrev  0x00000cf4      0x155 ./Sources/Componentes/Bluetooth/uart1.o
 .debug_abbrev  0x00000e49       0xf8 ./Sources/Componentes/Acelerometro/acelerometro.o
 .debug_abbrev  0x00000f41      0x187 ./Sources/Componentes/Acelerometro/i2c0.o
 .debug_abbrev  0x000010c8       0xe9 ./Project_Settings/Startup_Code/startup.o
 .debug_abbrev  0x000011b1       0x14 ./Project_Settings/Startup_Code/startup_MKL25Z4.o
 .debug_abbrev  0x000011c5      0x109 ./Project_Settings/Startup_Code/system_MKL25Z4.o
 .debug_abbrev  0x000012ce      0x27e D:/Freescale/KSDK_1.2.0/lib/ksdk_platform_lib/kds/KL25Z4/debug/libksdk_platform.a(fsl_uart_hal.o)
 .debug_abbrev  0x0000154c      0x3af D:/Freescale/KSDK_1.2.0/lib/ksdk_platform_lib/kds/KL25Z4/debug/libksdk_platform.a(fsl_lptmr_driver.o)
 .debug_abbrev  0x000018fb      0x228 D:/Freescale/KSDK_1.2.0/lib/ksdk_platform_lib/kds/KL25Z4/debug/libksdk_platform.a(fsl_lpsci_hal.o)
 .debug_abbrev  0x00001b23      0x445 D:/Freescale/KSDK_1.2.0/lib/ksdk_platform_lib/kds/KL25Z4/debug/libksdk_platform.a(fsl_clock_MKL25Z4.o)
 .debug_abbrev  0x00001f68      0x3d0 D:/Freescale/KSDK_1.2.0/lib/ksdk_platform_lib/kds/KL25Z4/debug/libksdk_platform.a(fsl_clock_manager.o)
 .debug_abbrev  0x00002338       0xdb D:/Freescale/KSDK_1.2.0/lib/ksdk_platform_lib/kds/KL25Z4/debug/libksdk_platform.a(fsl_clock_manager_common.o)
 .debug_abbrev  0x00002413      0x1ac D:/Freescale/KSDK_1.2.0/lib/ksdk_platform_lib/kds/KL25Z4/debug/libksdk_platform.a(fsl_sim_hal_MKL25Z4.o)
 .debug_abbrev  0x000025bf       0xae D:/Freescale/KSDK_1.2.0/lib/ksdk_platform_lib/kds/KL25Z4/debug/libksdk_platform.a(fsl_rtc_common.o)
 .debug_abbrev  0x0000266d       0xa8 D:/Freescale/KSDK_1.2.0/lib/ksdk_platform_lib/kds/KL25Z4/debug/libksdk_platform.a(fsl_osc_hal.o)
 .debug_abbrev  0x00002715      0x314 D:/Freescale/KSDK_1.2.0/lib/ksdk_platform_lib/kds/KL25Z4/debug/libksdk_platform.a(fsl_mcg_hal.o)
 .debug_abbrev  0x00002a29      0x2f7 D:/Freescale/KSDK_1.2.0/lib/ksdk_platform_lib/kds/KL25Z4/debug/libksdk_platform.a(fsl_mcg_hal_modes.o)
 .debug_abbrev  0x00002d20      0x1ac D:/Freescale/KSDK_1.2.0/lib/ksdk_platform_lib/kds/KL25Z4/debug/libksdk_platform.a(fsl_lptmr_hal.o)
 .debug_abbrev  0x00002ecc       0xae D:/Freescale/KSDK_1.2.0/lib/ksdk_platform_lib/kds/KL25Z4/debug/libksdk_platform.a(fsl_lptmr_common.o)

.debug_aranges  0x00000000      0xa48
 .debug_aranges
                0x00000000       0x38 ./Sources/Util/util.o
 .debug_aranges
                0x00000038       0xa0 ./Sources/Sistema/fsl_debug_console.o
 .debug_aranges
                0x000000d8       0x48 ./Sources/Sistema/mcg_hal.o
 .debug_aranges
                0x00000120       0x38 ./Sources/Main/main.o
 .debug_aranges
                0x00000158       0x20 ./Sources/Factory/command_factory.o
 .debug_aranges
                0x00000178       0x58 ./Sources/Componentes/Timers/tc_hal.o
 .debug_aranges
                0x000001d0       0x28 ./Sources/Componentes/TSI/tsi_hal.o
 .debug_aranges
                0x000001f8       0x28 ./Sources/Componentes/Switch_and_Button/switch_hal.o
 .debug_aranges
                0x00000220       0x38 ./Sources/Componentes/Serial/debugUart.o
 .debug_aranges
                0x00000258       0x30 ./Sources/Componentes/Serial/serial_hal.o
 .debug_aranges
                0x00000288       0x50 ./Sources/Componentes/LCD/lcd_hal.o
 .debug_aranges
                0x000002d8       0x40 ./Sources/Componentes/Bluetooth/uart1.o
 .debug_aranges
                0x00000318       0x30 ./Sources/Componentes/Acelerometro/acelerometro.o
 .debug_aranges
                0x00000348       0x88 ./Sources/Componentes/Acelerometro/i2c0.o
 .debug_aranges
                0x000003d0       0x20 ./Project_Settings/Startup_Code/startup.o
 .debug_aranges
                0x000003f0       0x20 ./Project_Settings/Startup_Code/startup_MKL25Z4.o
 .debug_aranges
                0x00000410       0x28 ./Project_Settings/Startup_Code/system_MKL25Z4.o
 .debug_aranges
                0x00000438       0xa8 D:/Freescale/KSDK_1.2.0/lib/ksdk_platform_lib/kds/KL25Z4/debug/libksdk_platform.a(fsl_uart_hal.o)
 .debug_aranges
                0x000004e0       0x70 D:/Freescale/KSDK_1.2.0/lib/ksdk_platform_lib/kds/KL25Z4/debug/libksdk_platform.a(fsl_lptmr_driver.o)
 .debug_aranges
                0x00000550       0xb0 D:/Freescale/KSDK_1.2.0/lib/ksdk_platform_lib/kds/KL25Z4/debug/libksdk_platform.a(fsl_lpsci_hal.o)
 .debug_aranges
                0x00000600      0x198 D:/Freescale/KSDK_1.2.0/lib/ksdk_platform_lib/kds/KL25Z4/debug/libksdk_platform.a(fsl_clock_MKL25Z4.o)
 .debug_aranges
                0x00000798       0x78 D:/Freescale/KSDK_1.2.0/lib/ksdk_platform_lib/kds/KL25Z4/debug/libksdk_platform.a(fsl_clock_manager.o)
 .debug_aranges
                0x00000810       0x18 D:/Freescale/KSDK_1.2.0/lib/ksdk_platform_lib/kds/KL25Z4/debug/libksdk_platform.a(fsl_clock_manager_common.o)
 .debug_aranges
                0x00000828       0x90 D:/Freescale/KSDK_1.2.0/lib/ksdk_platform_lib/kds/KL25Z4/debug/libksdk_platform.a(fsl_sim_hal_MKL25Z4.o)
 .debug_aranges
                0x000008b8       0x18 D:/Freescale/KSDK_1.2.0/lib/ksdk_platform_lib/kds/KL25Z4/debug/libksdk_platform.a(fsl_rtc_common.o)
 .debug_aranges
                0x000008d0       0x20 D:/Freescale/KSDK_1.2.0/lib/ksdk_platform_lib/kds/KL25Z4/debug/libksdk_platform.a(fsl_osc_hal.o)
 .debug_aranges
                0x000008f0       0xa0 D:/Freescale/KSDK_1.2.0/lib/ksdk_platform_lib/kds/KL25Z4/debug/libksdk_platform.a(fsl_mcg_hal.o)
 .debug_aranges
                0x00000990       0x68 D:/Freescale/KSDK_1.2.0/lib/ksdk_platform_lib/kds/KL25Z4/debug/libksdk_platform.a(fsl_mcg_hal_modes.o)
 .debug_aranges
                0x000009f8       0x38 D:/Freescale/KSDK_1.2.0/lib/ksdk_platform_lib/kds/KL25Z4/debug/libksdk_platform.a(fsl_lptmr_hal.o)
 .debug_aranges
                0x00000a30       0x18 D:/Freescale/KSDK_1.2.0/lib/ksdk_platform_lib/kds/KL25Z4/debug/libksdk_platform.a(fsl_lptmr_common.o)

.debug_ranges   0x00000000      0xb30
 .debug_ranges  0x00000000       0x28 ./Sources/Util/util.o
 .debug_ranges  0x00000028       0x90 ./Sources/Sistema/fsl_debug_console.o
 .debug_ranges  0x000000b8       0x38 ./Sources/Sistema/mcg_hal.o
 .debug_ranges  0x000000f0       0x28 ./Sources/Main/main.o
 .debug_ranges  0x00000118       0x10 ./Sources/Factory/command_factory.o
 .debug_ranges  0x00000128       0x48 ./Sources/Componentes/Timers/tc_hal.o
 .debug_ranges  0x00000170       0x18 ./Sources/Componentes/TSI/tsi_hal.o
 .debug_ranges  0x00000188       0x18 ./Sources/Componentes/Switch_and_Button/switch_hal.o
 .debug_ranges  0x000001a0       0x28 ./Sources/Componentes/Serial/debugUart.o
 .debug_ranges  0x000001c8       0x20 ./Sources/Componentes/Serial/serial_hal.o
 .debug_ranges  0x000001e8       0x40 ./Sources/Componentes/LCD/lcd_hal.o
 .debug_ranges  0x00000228       0x30 ./Sources/Componentes/Bluetooth/uart1.o
 .debug_ranges  0x00000258       0x20 ./Sources/Componentes/Acelerometro/acelerometro.o
 .debug_ranges  0x00000278       0x78 ./Sources/Componentes/Acelerometro/i2c0.o
 .debug_ranges  0x000002f0       0x10 ./Project_Settings/Startup_Code/startup.o
 .debug_ranges  0x00000300       0x18 ./Project_Settings/Startup_Code/system_MKL25Z4.o
 .debug_ranges  0x00000318       0xb0 D:/Freescale/KSDK_1.2.0/lib/ksdk_platform_lib/kds/KL25Z4/debug/libksdk_platform.a(fsl_uart_hal.o)
 .debug_ranges  0x000003c8       0xd8 D:/Freescale/KSDK_1.2.0/lib/ksdk_platform_lib/kds/KL25Z4/debug/libksdk_platform.a(fsl_lptmr_driver.o)
 .debug_ranges  0x000004a0       0xb8 D:/Freescale/KSDK_1.2.0/lib/ksdk_platform_lib/kds/KL25Z4/debug/libksdk_platform.a(fsl_lpsci_hal.o)
 .debug_ranges  0x00000558      0x2b8 D:/Freescale/KSDK_1.2.0/lib/ksdk_platform_lib/kds/KL25Z4/debug/libksdk_platform.a(fsl_clock_MKL25Z4.o)
 .debug_ranges  0x00000810       0xe0 D:/Freescale/KSDK_1.2.0/lib/ksdk_platform_lib/kds/KL25Z4/debug/libksdk_platform.a(fsl_clock_manager.o)
 .debug_ranges  0x000008f0       0x80 D:/Freescale/KSDK_1.2.0/lib/ksdk_platform_lib/kds/KL25Z4/debug/libksdk_platform.a(fsl_sim_hal_MKL25Z4.o)
 .debug_ranges  0x00000970       0x10 D:/Freescale/KSDK_1.2.0/lib/ksdk_platform_lib/kds/KL25Z4/debug/libksdk_platform.a(fsl_osc_hal.o)
 .debug_ranges  0x00000980       0xc8 D:/Freescale/KSDK_1.2.0/lib/ksdk_platform_lib/kds/KL25Z4/debug/libksdk_platform.a(fsl_mcg_hal.o)
 .debug_ranges  0x00000a48       0xc0 D:/Freescale/KSDK_1.2.0/lib/ksdk_platform_lib/kds/KL25Z4/debug/libksdk_platform.a(fsl_mcg_hal_modes.o)
 .debug_ranges  0x00000b08       0x28 D:/Freescale/KSDK_1.2.0/lib/ksdk_platform_lib/kds/KL25Z4/debug/libksdk_platform.a(fsl_lptmr_hal.o)

.debug_macro    0x00000000    0x146c9
 .debug_macro   0x00000000       0x1b ./Sources/Util/util.o
 .debug_macro   0x0000001b      0x808 ./Sources/Util/util.o
 .debug_macro   0x00000823      0x2c0 ./Sources/Sistema/fsl_debug_console.o
 .debug_macro   0x00000ae3       0x58 ./Sources/Sistema/fsl_debug_console.o
 .debug_macro   0x00000b3b       0x58 ./Sources/Sistema/fsl_debug_console.o
 .debug_macro   0x00000b93       0x16 ./Sources/Sistema/fsl_debug_console.o
 .debug_macro   0x00000ba9       0x35 ./Sources/Sistema/fsl_debug_console.o
 .debug_macro   0x00000bde       0xa3 ./Sources/Sistema/fsl_debug_console.o
 .debug_macro   0x00000c81       0x16 ./Sources/Sistema/fsl_debug_console.o
 .debug_macro   0x00000c97       0x97 ./Sources/Sistema/fsl_debug_console.o
 .debug_macro   0x00000d2e       0xef ./Sources/Sistema/fsl_debug_console.o
 .debug_macro   0x00000e1d       0x4a ./Sources/Sistema/fsl_debug_console.o
 .debug_macro   0x00000e67       0x52 ./Sources/Sistema/fsl_debug_console.o
 .debug_macro   0x00000eb9       0x16 ./Sources/Sistema/fsl_debug_console.o
 .debug_macro   0x00000ecf       0x43 ./Sources/Sistema/fsl_debug_console.o
 .debug_macro   0x00000f12      0x180 ./Sources/Sistema/fsl_debug_console.o
 .debug_macro   0x00001092       0x10 ./Sources/Sistema/fsl_debug_console.o
 .debug_macro   0x000010a2       0x22 ./Sources/Sistema/fsl_debug_console.o
 .debug_macro   0x000010c4       0xbd ./Sources/Sistema/fsl_debug_console.o
 .debug_macro   0x00001181       0x16 ./Sources/Sistema/fsl_debug_console.o
 .debug_macro   0x00001197      0x14a ./Sources/Sistema/fsl_debug_console.o
 .debug_macro   0x000012e1       0x16 ./Sources/Sistema/fsl_debug_console.o
 .debug_macro   0x000012f7       0x35 ./Sources/Sistema/fsl_debug_console.o
 .debug_macro   0x0000132c       0x22 ./Sources/Sistema/fsl_debug_console.o
 .debug_macro   0x0000134e       0x11 ./Sources/Sistema/fsl_debug_console.o
 .debug_macro   0x0000135f       0x16 ./Sources/Sistema/fsl_debug_console.o
 .debug_macro   0x00001375      0x20f ./Sources/Sistema/fsl_debug_console.o
 .debug_macro   0x00001584       0x3a ./Sources/Sistema/fsl_debug_console.o
 .debug_macro   0x000015be       0x3a ./Sources/Sistema/fsl_debug_console.o
 .debug_macro   0x000015f8       0x1f ./Sources/Sistema/fsl_debug_console.o
 .debug_macro   0x00001617      0x250 ./Sources/Sistema/fsl_debug_console.o
 .debug_macro   0x00001867       0x63 ./Sources/Sistema/fsl_debug_console.o
 .debug_macro   0x000018ca     0x8439 ./Sources/Sistema/fsl_debug_console.o
 .debug_macro   0x00009d03       0x82 ./Sources/Sistema/fsl_debug_console.o
 .debug_macro   0x00009d85     0x764c ./Sources/Sistema/fsl_debug_console.o
 .debug_macro   0x000113d1     0x10b2 ./Sources/Sistema/fsl_debug_console.o
 .debug_macro   0x00012483       0x22 ./Sources/Sistema/fsl_debug_console.o
 .debug_macro   0x000124a5       0x44 ./Sources/Sistema/fsl_debug_console.o
 .debug_macro   0x000124e9       0x22 ./Sources/Sistema/fsl_debug_console.o
 .debug_macro   0x0001250b       0x16 ./Sources/Sistema/fsl_debug_console.o
 .debug_macro   0x00012521       0x10 ./Sources/Sistema/fsl_debug_console.o
 .debug_macro   0x00012531       0x11 ./Sources/Sistema/fsl_debug_console.o
 .debug_macro   0x00012542       0x10 ./Sources/Sistema/fsl_debug_console.o
 .debug_macro   0x00012552       0x10 ./Sources/Sistema/fsl_debug_console.o
 .debug_macro   0x00012562      0x2a6 ./Sources/Sistema/fsl_debug_console.o
 .debug_macro   0x00012808       0x10 ./Sources/Sistema/fsl_debug_console.o
 .debug_macro   0x00012818      0x2bb ./Sources/Sistema/mcg_hal.o
 .debug_macro   0x00012ad3       0x44 ./Sources/Sistema/mcg_hal.o
 .debug_macro   0x00012b17      0x209 ./Sources/Sistema/mcg_hal.o
 .debug_macro   0x00012d20       0x4c ./Sources/Sistema/mcg_hal.o
 .debug_macro   0x00012d6c      0x10e ./Sources/Sistema/mcg_hal.o
 .debug_macro   0x00012e7a       0x7f ./Sources/Sistema/mcg_hal.o
 .debug_macro   0x00012ef9       0x7c ./Sources/Sistema/mcg_hal.o
 .debug_macro   0x00012f75      0x259 ./Sources/Main/main.o
 .debug_macro   0x000131ce      0x13c ./Sources/Main/main.o
 .debug_macro   0x0001330a       0x28 ./Sources/Main/main.o
 .debug_macro   0x00013332       0x15 ./Sources/Factory/command_factory.o
 .debug_macro   0x00013347      0x233 ./Sources/Componentes/Timers/tc_hal.o
 .debug_macro   0x0001357a       0x99 ./Sources/Componentes/TSI/tsi_hal.o
 .debug_macro   0x00013613      0x184 ./Sources/Componentes/Switch_and_Button/switch_hal.o
 .debug_macro   0x00013797      0x246 ./Sources/Componentes/Serial/debugUart.o
 .debug_macro   0x000139dd       0x10 ./Sources/Componentes/Serial/debugUart.o
 .debug_macro   0x000139ed      0x1be ./Sources/Componentes/Serial/serial_hal.o
 .debug_macro   0x00013bab      0x256 ./Sources/Componentes/LCD/lcd_hal.o
 .debug_macro   0x00013e01      0x196 ./Sources/Componentes/Bluetooth/uart1.o
 .debug_macro   0x00013f97      0x19b ./Sources/Componentes/Acelerometro/acelerometro.o
 .debug_macro   0x00014132      0x154 ./Sources/Componentes/Acelerometro/acelerometro.o
 .debug_macro   0x00014286      0x184 ./Sources/Componentes/Acelerometro/i2c0.o
 .debug_macro   0x0001440a      0x167 ./Project_Settings/Startup_Code/startup.o
 .debug_macro   0x00014571      0x158 ./Project_Settings/Startup_Code/system_MKL25Z4.o

.debug_line     0x00000000     0x723a
 .debug_line    0x00000000      0x132 ./Sources/Util/util.o
 .debug_line    0x00000132      0x7f0 ./Sources/Sistema/fsl_debug_console.o
 .debug_line    0x00000922      0x532 ./Sources/Sistema/mcg_hal.o
 .debug_line    0x00000e54      0x6fb ./Sources/Main/main.o
 .debug_line    0x0000154f       0x95 ./Sources/Factory/command_factory.o
 .debug_line    0x000015e4      0x5be ./Sources/Componentes/Timers/tc_hal.o
 .debug_line    0x00001ba2      0x261 ./Sources/Componentes/TSI/tsi_hal.o
 .debug_line    0x00001e03      0x37b ./Sources/Componentes/Switch_and_Button/switch_hal.o
 .debug_line    0x0000217e      0x5ab ./Sources/Componentes/Serial/debugUart.o
 .debug_line    0x00002729      0x477 ./Sources/Componentes/Serial/serial_hal.o
 .debug_line    0x00002ba0      0x5af ./Sources/Componentes/LCD/lcd_hal.o
 .debug_line    0x0000314f      0x3e8 ./Sources/Componentes/Bluetooth/uart1.o
 .debug_line    0x00003537      0x3f5 ./Sources/Componentes/Acelerometro/acelerometro.o
 .debug_line    0x0000392c      0x4a1 ./Sources/Componentes/Acelerometro/i2c0.o
 .debug_line    0x00003dcd      0x33f ./Project_Settings/Startup_Code/startup.o
 .debug_line    0x0000410c       0x6c ./Project_Settings/Startup_Code/startup_MKL25Z4.o
 .debug_line    0x00004178      0x360 ./Project_Settings/Startup_Code/system_MKL25Z4.o
 .debug_line    0x000044d8      0x37e D:/Freescale/KSDK_1.2.0/lib/ksdk_platform_lib/kds/KL25Z4/debug/libksdk_platform.a(fsl_uart_hal.o)
 .debug_line    0x00004856      0x5a3 D:/Freescale/KSDK_1.2.0/lib/ksdk_platform_lib/kds/KL25Z4/debug/libksdk_platform.a(fsl_lptmr_driver.o)
 .debug_line    0x00004df9      0x3cb D:/Freescale/KSDK_1.2.0/lib/ksdk_platform_lib/kds/KL25Z4/debug/libksdk_platform.a(fsl_lpsci_hal.o)
 .debug_line    0x000051c4      0x945 D:/Freescale/KSDK_1.2.0/lib/ksdk_platform_lib/kds/KL25Z4/debug/libksdk_platform.a(fsl_clock_MKL25Z4.o)
 .debug_line    0x00005b09      0x608 D:/Freescale/KSDK_1.2.0/lib/ksdk_platform_lib/kds/KL25Z4/debug/libksdk_platform.a(fsl_clock_manager.o)
 .debug_line    0x00006111      0x148 D:/Freescale/KSDK_1.2.0/lib/ksdk_platform_lib/kds/KL25Z4/debug/libksdk_platform.a(fsl_clock_manager_common.o)
 .debug_line    0x00006259      0x337 D:/Freescale/KSDK_1.2.0/lib/ksdk_platform_lib/kds/KL25Z4/debug/libksdk_platform.a(fsl_sim_hal_MKL25Z4.o)
 .debug_line    0x00006590       0xee D:/Freescale/KSDK_1.2.0/lib/ksdk_platform_lib/kds/KL25Z4/debug/libksdk_platform.a(fsl_rtc_common.o)
 .debug_line    0x0000667e       0xf8 D:/Freescale/KSDK_1.2.0/lib/ksdk_platform_lib/kds/KL25Z4/debug/libksdk_platform.a(fsl_osc_hal.o)
 .debug_line    0x00006776      0x3e1 D:/Freescale/KSDK_1.2.0/lib/ksdk_platform_lib/kds/KL25Z4/debug/libksdk_platform.a(fsl_mcg_hal.o)
 .debug_line    0x00006b57      0x459 D:/Freescale/KSDK_1.2.0/lib/ksdk_platform_lib/kds/KL25Z4/debug/libksdk_platform.a(fsl_mcg_hal_modes.o)
 .debug_line    0x00006fb0      0x198 D:/Freescale/KSDK_1.2.0/lib/ksdk_platform_lib/kds/KL25Z4/debug/libksdk_platform.a(fsl_lptmr_hal.o)
 .debug_line    0x00007148       0xf2 D:/Freescale/KSDK_1.2.0/lib/ksdk_platform_lib/kds/KL25Z4/debug/libksdk_platform.a(fsl_lptmr_common.o)

.debug_str      0x00000000    0xa3961
 .debug_str     0x00000000     0x2311 ./Sources/Util/util.o
                               0x2316 (size before relaxing)
 .debug_str     0x00002311    0x9b7f2 ./Sources/Sistema/fsl_debug_console.o
                              0x9e040 (size before relaxing)
 .debug_str     0x0009db03      0x93d ./Sources/Sistema/mcg_hal.o
                              0x9c332 (size before relaxing)
 .debug_str     0x0009e440      0x7d5 ./Sources/Main/main.o
                              0x9c2ea (size before relaxing)
 .debug_str     0x0009ec15       0x5c ./Sources/Factory/command_factory.o
                               0x2320 (size before relaxing)
 .debug_str     0x0009ec71      0x65e ./Sources/Componentes/Timers/tc_hal.o
                              0x9c0f8 (size before relaxing)
 .debug_str     0x0009f2cf      0x152 ./Sources/Componentes/TSI/tsi_hal.o
                              0x32038 (size before relaxing)
 .debug_str     0x0009f421       0x70 ./Sources/Componentes/Switch_and_Button/switch_hal.o
                              0x9be78 (size before relaxing)
 .debug_str     0x0009f491      0x160 ./Sources/Componentes/Serial/debugUart.o
                              0x9bfa0 (size before relaxing)
 .debug_str     0x0009f5f1       0x75 ./Sources/Componentes/Serial/serial_hal.o
                              0x9c072 (size before relaxing)
 .debug_str     0x0009f666       0xf8 ./Sources/Componentes/LCD/lcd_hal.o
                              0x9c108 (size before relaxing)
 .debug_str     0x0009f75e       0xd9 ./Sources/Componentes/Bluetooth/uart1.o
                              0x9be9f (size before relaxing)
 .debug_str     0x0009f837      0x55c ./Sources/Componentes/Acelerometro/acelerometro.o
                              0x9c32b (size before relaxing)
 .debug_str     0x0009fd93      0x15b ./Sources/Componentes/Acelerometro/i2c0.o
                              0x9bf1a (size before relaxing)
 .debug_str     0x0009feee      0x12f ./Project_Settings/Startup_Code/startup.o
                              0x9b865 (size before relaxing)
 .debug_str     0x000a001d       0x8c ./Project_Settings/Startup_Code/system_MKL25Z4.o
                              0x9b8ac (size before relaxing)
 .debug_str     0x000a00a9      0x618 D:/Freescale/KSDK_1.2.0/lib/ksdk_platform_lib/kds/KL25Z4/debug/libksdk_platform.a(fsl_uart_hal.o)
                                0x919 (size before relaxing)
 .debug_str     0x000a06c1      0xa20 D:/Freescale/KSDK_1.2.0/lib/ksdk_platform_lib/kds/KL25Z4/debug/libksdk_platform.a(fsl_lptmr_driver.o)
                               0x1283 (size before relaxing)